Archive member included to satisfy reference by file (symbol)

/opt/devkitpro/libnds/lib/libnds9.a(background.o)
                              lin.o (bgState)
/opt/devkitpro/libnds/lib/libnds9.a(touch.o)
                              lin.o (touchRead)
/opt/devkitpro/libnds/lib/libnds9.a(sassert.o)
                              lin.o (__sassert)
/opt/devkitpro/libnds/lib/libnds9.a(sprite_alloc.o)
                              lin.o (oamAllocateGfx)
/opt/devkitpro/libnds/lib/libnds9.a(console.o)
                              lin.o (consoleDebugInit)
/opt/devkitpro/libnds/lib/libnds9.a(trig.o)
                              /opt/devkitpro/libnds/lib/libnds9.a(background.o) (sinLerp)
/opt/devkitpro/libnds/lib/libnds9.a(sprite.o)
                              lin.o (oamInit)
/opt/devkitpro/libnds/lib/libnds9.a(keys.o)
                              lin.o (scanKeys)
/opt/devkitpro/libnds/lib/libnds9.a(initSystem.o)
                              /opt/devkitpro/devkitARM/bin/../lib/gcc/arm-none-eabi/10.2.0/../../../../arm-none-eabi/lib/ds_arm9_crt0.o (initSystem)
/opt/devkitpro/libnds/lib/libnds9.a(timeSupport.o)
                              /opt/devkitpro/libnds/lib/libnds9.a(initSystem.o) (__libnds_gtod)
/opt/devkitpro/libnds/lib/libnds9.a(securearea.o)
                              /opt/devkitpro/devkitARM/bin/../lib/gcc/arm-none-eabi/10.2.0/../../../../arm-none-eabi/lib/ds_arm9_crt0.o (__secure_area__)
/opt/devkitpro/libnds/lib/libnds9.a(timers.o)
                              lin.o (timerStart)
/opt/devkitpro/libnds/lib/libnds9.a(interrupts.o)
                              /opt/devkitpro/libnds/lib/libnds9.a(timers.o) (irqSet)
/opt/devkitpro/libnds/lib/libnds9.a(libnds_exit.arm.o)
                              /opt/devkitpro/devkitARM/bin/../lib/gcc/arm-none-eabi/10.2.0/../../../../arm-none-eabi/lib/ds_arm9_crt0.o (__libnds_exit)
/opt/devkitpro/libnds/lib/libnds9.a(fifosystem.o)
                              /opt/devkitpro/libnds/lib/libnds9.a(initSystem.o) (fifoSetValue32Handler)
/opt/devkitpro/libnds/lib/libnds9.a(dcache.o)
                              /opt/devkitpro/libnds/lib/libnds9.a(sprite.o) (DC_FlushRange)
/opt/devkitpro/libnds/lib/libnds9.a(mpu_setup.o)
                              /opt/devkitpro/devkitARM/bin/../lib/gcc/arm-none-eabi/10.2.0/../../../../arm-none-eabi/lib/ds_arm9_crt0.o (__libnds_mpu_setup)
/opt/devkitpro/libnds/lib/libnds9.a(IntrWait.o)
                              lin.o (swiWaitForVBlank)
/opt/devkitpro/libnds/lib/libnds9.a(cpu_clock.o)
                              /opt/devkitpro/libnds/lib/libnds9.a(initSystem.o) (setCpuClock)
/opt/devkitpro/libnds/lib/libnds9.a(interruptDispatcher.o)
                              /opt/devkitpro/libnds/lib/libnds9.a(interrupts.o) (IntrMain)
/opt/devkitpro/libnds/lib/libnds9.a(debugprint.o)
                              /opt/devkitpro/libnds/lib/libnds9.a(console.o) (nocashWrite)
/opt/devkitpro/libnds/lib/libnds9.a(swiSoftReset.o)
                              /opt/devkitpro/libnds/lib/libnds9.a(fifosystem.o) (swiSoftReset)
/opt/devkitpro/libnds/lib/libnds9.a(default_font.bin.o)
                              /opt/devkitpro/libnds/lib/libnds9.a(console.o) (default_font_bin)
/opt/devkitpro/libnds/lib/libnds9.a(video.o)
                              /opt/devkitpro/libnds/lib/libnds9.a(initSystem.o) (vramDefault)
/opt/devkitpro/libnds/lib/libnds9.a(system.o)
                              /opt/devkitpro/libnds/lib/libnds9.a(initSystem.o) (systemValueHandler)
/opt/devkitpro/libnds/lib/libnds9.a(biosCalls.o)
                              /opt/devkitpro/libnds/lib/libnds9.a(system.o) (swiDelay)
/opt/devkitpro/devkitARM/bin/../lib/gcc/arm-none-eabi/10.2.0/libgcc.a(_divsi3.o)
                              /opt/devkitpro/libnds/lib/libnds9.a(console.o) (__aeabi_idivmod)
/opt/devkitpro/devkitARM/bin/../lib/gcc/arm-none-eabi/10.2.0/libgcc.a(_dvmd_tls.o)
                              /opt/devkitpro/devkitARM/bin/../lib/gcc/arm-none-eabi/10.2.0/libgcc.a(_divsi3.o) (__aeabi_idiv0)
/opt/devkitpro/devkitARM/bin/../lib/gcc/arm-none-eabi/10.2.0/../../../../arm-none-eabi/lib/libg.a(lib_a-bsearch.o)
                              /opt/devkitpro/libnds/lib/libnds9.a(trig.o) (bsearch)
/opt/devkitpro/devkitARM/bin/../lib/gcc/arm-none-eabi/10.2.0/../../../../arm-none-eabi/lib/libg.a(lib_a-fclose.o)
                              lin.o (fclose)
/opt/devkitpro/devkitARM/bin/../lib/gcc/arm-none-eabi/10.2.0/../../../../arm-none-eabi/lib/libg.a(lib_a-fflush.o)
                              /opt/devkitpro/devkitARM/bin/../lib/gcc/arm-none-eabi/10.2.0/../../../../arm-none-eabi/lib/libg.a(lib_a-fclose.o) (__sflush_r)
/opt/devkitpro/devkitARM/bin/../lib/gcc/arm-none-eabi/10.2.0/../../../../arm-none-eabi/lib/libg.a(lib_a-findfp.o)
                              /opt/devkitpro/devkitARM/bin/../lib/gcc/arm-none-eabi/10.2.0/../../../../arm-none-eabi/lib/libg.a(lib_a-fclose.o) (__sinit)
[...]
Memory Configuration

Name             Origin             Length             Attributes
ewram            0x0000000002000000 0x0000000000380000
dtcm             0x0000000002ff0000 0x0000000000004000
vectors          0x0000000001000000 0x0000000000000100
itcm             0x0000000001000100 0x0000000000007f00
*default*        0x0000000000000000 0xffffffffffffffff

Linker script and memory map

                0x0000000002380000                __ewram_end = (ORIGIN (ewram) + LENGTH (ewram))
                0x0000000002380000                __eheap_end = (ORIGIN (ewram) + LENGTH (ewram))
                0x0000000002ff4000                __dtcm_top = (ORIGIN (dtcm) + LENGTH (dtcm))
                0x0000000002ff3ff8                __irq_flags = (__dtcm_top - 0x8)
                0x0000000002ff3ffc                __irq_vector = (__dtcm_top - 0x4)
                0x0000000002ff3f00                __sp_svc = (__dtcm_top - 0x100)
                0x0000000002ff3e00                __sp_irq = (__sp_svc - 0x100)
                0x0000000002ff3d00                __sp_usr = (__sp_irq - 0x100)

.secure         0x0000000002000000      0x800
 *(.secure)
 .secure        0x0000000002000000      0x800 /opt/devkitpro/libnds/lib/libnds9.a(securearea.o)
                0x0000000002000000                __secure_area__

.crt0           0x0000000002000800      0x300
                0x0000000002000800                __text_start = .
 *(.crt0)
 .crt0          0x0000000002000800      0x300 /opt/devkitpro/devkitARM/bin/../lib/gcc/arm-none-eabi/10.2.0/../../../../arm-none-eabi/lib/ds_arm9_crt0.o
                0x0000000002000800                _start
                0x0000000002000b00                . = ALIGN (0x4)

.plt
 *(.plt)

.init           0x0000000002000b00       0x18
 *(SORT_NONE(.init))
 .init          0x0000000002000b00        0xc /opt/devkitpro/devkitARM/bin/../lib/gcc/arm-none-eabi/10.2.0/crti.o
                0x0000000002000b00                _init
 .init          0x0000000002000b0c        0xc /opt/devkitpro/devkitARM/bin/../lib/gcc/arm-none-eabi/10.2.0/crtn.o

.text           0x0000000002000b18    0x180d0
 *(EXCLUDE_FILE(*.twl* *.vectors* *.itcm*) .text)
 .text          0x0000000002000b18     0x279c lin.o
                0x0000000002000b18                lin_init
                0x0000000002000b38                lin_open
                0x0000000002000c80                lin_line
                0x0000000002000cec                lin_length
                0x0000000002000d70                lin_limit
                0x0000000002000dd4                lin_move_right
                0x0000000002000e40                lin_move_left
                0x0000000002000eac                lin_move_down
                0x000000000200104c                lin_move_up
                0x0000000002001194                lin_putchar
                0x00000000020012f8                lin_delchar
                0x000000000200149c                setup_screens
                0x0000000002001920                update_keyboard
                0x00000000020031ac                render_screen
 .text          0x00000000020032b4       0xa4 /opt/devkitpro/libnds/lib/libnds9.a(debugprint.o)
                0x00000000020032b4                nocashWrite
                0x00000000020032b6                nocashMessage
 .text          0x0000000002003358      0x148 /opt/devkitpro/devkitARM/bin/../lib/gcc/arm-none-eabi/10.2.0/libgcc.a(_divsi3.o)
                0x0000000002003358                __aeabi_idiv
                0x0000000002003358                __divsi3
                0x0000000002003480                __aeabi_idivmod
 .text          0x00000000020034a0        0x4 /opt/devkitpro/devkitARM/bin/../lib/gcc/arm-none-eabi/10.2.0/libgcc.a(_dvmd_tls.o)
                0x00000000020034a0                __aeabi_ldiv0
                0x00000000020034a0                __aeabi_idiv0
 .text          0x00000000020034a4      0x224 /opt/devkitpro/devkitARM/bin/../lib/gcc/arm-none-eabi/10.2.0/../../../../arm-none-eabi/lib/libg.a(lib_a-strcmp.o)
                0x00000000020034a4                strcmp
 .text          0x00000000020036c8      0x114 /opt/devkitpro/devkitARM/bin/../lib/gcc/arm-none-eabi/10.2.0/libgcc.a(_udivsi3.o)
                0x00000000020036c8                __udivsi3
                0x00000000020036c8                __aeabi_uidiv
                0x00000000020037bc                __aeabi_uidivmod
 .text          0x00000000020037dc      0x424 /opt/devkitpro/devkitARM/bin/../lib/gcc/arm-none-eabi/10.2.0/libgcc.a(_arm_addsubdf3.o)
                0x00000000020037dc                __aeabi_drsub
                0x00000000020037e4                __aeabi_dsub
                0x00000000020037e4                __subdf3
                0x00000000020037e8                __adddf3
                0x00000000020037e8                __aeabi_dadd
                0x0000000002003af8                __aeabi_ui2d
                0x0000000002003af8                __floatunsidf
                0x0000000002003b1c                __floatsidf
                0x0000000002003b1c                __aeabi_i2d
                0x0000000002003b44                __extendsfdf2
                0x0000000002003b44                __aeabi_f2d
                0x0000000002003b8c                __aeabi_ul2d
                0x0000000002003b8c                __floatundidf
                0x0000000002003ba0                __floatdidf
                0x0000000002003ba0                __aeabi_l2d
 .text          0x0000000002003c00      0x49c /opt/devkitpro/devkitARM/bin/../lib/gcc/arm-none-eabi/10.2.0/libgcc.a(_arm_muldivdf3.o)
                0x0000000002003c00                __aeabi_dmul
                0x0000000002003c00                __muldf3
                0x0000000002003e90                __aeabi_ddiv
                0x0000000002003e90                __divdf3
 .text          0x000000000200409c      0x144 /opt/devkitpro/devkitARM/bin/../lib/gcc/arm-none-eabi/10.2.0/libgcc.a(_arm_cmpdf2.o)
                0x000000000200409c                __gtdf2
                0x000000000200409c                __gedf2
                0x00000000020040a4                __ltdf2
                0x00000000020040a4                __ledf2
                0x00000000020040ac                __cmpdf2
                0x00000000020040ac                __eqdf2
                0x00000000020040ac                __nedf2
                0x0000000002004134                __aeabi_cdrcmple
                0x0000000002004150                __aeabi_cdcmple
                0x0000000002004150                __aeabi_cdcmpeq
                0x0000000002004168                __aeabi_dcmpeq
                0x0000000002004180                __aeabi_dcmplt
                0x0000000002004198                __aeabi_dcmple
                0x00000000020041b0                __aeabi_dcmpge
                0x00000000020041c8                __aeabi_dcmpgt
 .text          0x00000000020041e0       0x38 /opt/devkitpro/devkitARM/bin/../lib/gcc/arm-none-eabi/10.2.0/libgcc.a(_arm_unorddf2.o)
                0x00000000020041e0                __aeabi_dcmpun
                0x00000000020041e0                __unorddf2
 .text          0x0000000002004218       0x5c /opt/devkitpro/devkitARM/bin/../lib/gcc/arm-none-eabi/10.2.0/libgcc.a(_arm_fixdfsi.o)
                0x0000000002004218                __fixdfsi
                0x0000000002004218                __aeabi_d2iz
 .text          0x0000000002004274       0x3c /opt/devkitpro/devkitARM/bin/../lib/gcc/arm-none-eabi/10.2.0/libgcc.a(_aeabi_uldivmod.o)
                0x0000000002004274                __aeabi_uldivmod
 .text          0x00000000020042b0       0x28 /opt/devkitpro/devkitARM/bin/../lib/gcc/arm-none-eabi/10.2.0/libgcc.a(_clzdi2.o)
                0x00000000020042b0                __clzdi2
 .text          0x00000000020042d8       0x48 /opt/devkitpro/devkitARM/bin/../lib/gcc/arm-none-eabi/10.2.0/libgcc.a(_clzsi2.o)
                0x00000000020042d8                __clzsi2
 *(EXCLUDE_FILE(*.twl* *.vectors* *.itcm*) .stub)
 *(EXCLUDE_FILE(*.twl* *.vectors* *.itcm*) .text.*)
 .text.__do_global_dtors_aux
                0x0000000002004320       0x40 /opt/devkitpro/devkitARM/bin/../lib/gcc/arm-none-eabi/10.2.0/crtbegin.o
 .text.frame_dummy
                0x0000000002004360       0x30 /opt/devkitpro/devkitARM/bin/../lib/gcc/arm-none-eabi/10.2.0/crtbegin.o
 .text.startup  0x0000000002004390      0x550 lin.o
                0x0000000002004390                main
 .text.checkIfText
                0x00000000020048e0       0x5c /opt/devkitpro/libnds/lib/libnds9.a(background.o)
                0x00000000020048e0                checkIfText
 .text.bgUpdate
                0x000000000200493c       0xf4 /opt/devkitpro/libnds/lib/libnds9.a(background.o)
                0x000000000200493c                bgUpdate
 .text.bgInit_call
                0x0000000002004a30       0xc4 /opt/devkitpro/libnds/lib/libnds9.a(background.o)
                0x0000000002004a30                bgInit_call
 .text.bgInitSub_call
                0x0000000002004af4       0xcc /opt/devkitpro/libnds/lib/libnds9.a(background.o)
                0x0000000002004af4                bgInitSub_call
 .text.touchRead
                0x0000000002004bc0       0x24 /opt/devkitpro/libnds/lib/libnds9.a(touch.o)
                0x0000000002004bc0                touchRead
 .text.__sassert
                0x0000000002004be4       0x38 /opt/devkitpro/libnds/lib/libnds9.a(sassert.o)
                0x0000000002004be4                __sassert
 .text.oamAllocReset
                0x0000000002004c1c       0x1c /opt/devkitpro/libnds/lib/libnds9.a(sprite_alloc.o)
                0x0000000002004c1c                oamAllocReset
 .text.oamAllocateGfx
                0x0000000002004c38      0x510 /opt/devkitpro/libnds/lib/libnds9.a(sprite_alloc.o)
                0x0000000002004c38                oamAllocateGfx
 .text.newRow   0x0000000002005148       0xb0 /opt/devkitpro/libnds/lib/libnds9.a(console.o)
 .text.nocash_write
                0x00000000020051f8       0x10 /opt/devkitpro/libnds/lib/libnds9.a(console.o)
                0x00000000020051f8                nocash_write
 .text.consoleDebugInit
                0x0000000002005208       0x50 /opt/devkitpro/libnds/lib/libnds9.a(console.o)
                0x0000000002005208                consoleDebugInit
 .text.consolePrintChar
                0x0000000002005258       0xec /opt/devkitpro/libnds/lib/libnds9.a(console.o)
                0x0000000002005258                consolePrintChar
 .text.con_write
                0x0000000002005344      0x374 /opt/devkitpro/libnds/lib/libnds9.a(console.o)
                0x0000000002005344                con_write
 .text.consoleLoadFont
                0x00000000020056b8      0x2a8 /opt/devkitpro/libnds/lib/libnds9.a(console.o)
                0x00000000020056b8                consoleLoadFont
 .text.consoleInit
                0x0000000002005960      0x194 /opt/devkitpro/libnds/lib/libnds9.a(console.o)
                0x0000000002005960                consoleInit
 .text.consoleDemoInit
                0x0000000002005af4       0x40 /opt/devkitpro/libnds/lib/libnds9.a(console.o)
                0x0000000002005af4                consoleDemoInit
 .text.sinLutLookup
                0x0000000002005b34       0x38 /opt/devkitpro/libnds/lib/libnds9.a(trig.o)
                0x0000000002005b34                sinLutLookup
 .text.sinLerp  0x0000000002005b6c       0x40 /opt/devkitpro/libnds/lib/libnds9.a(trig.o)
                0x0000000002005b6c                sinLerp
 .text.cosLerp  0x0000000002005bac       0x4c /opt/devkitpro/libnds/lib/libnds9.a(trig.o)
                0x0000000002005bac                cosLerp
 .text.oamInit  0x0000000002005bf8      0x118 /opt/devkitpro/libnds/lib/libnds9.a(sprite.o)
                0x0000000002005bf8                oamInit
 .text.oamGetGfxPtr
                0x0000000002005d10       0x38 /opt/devkitpro/libnds/lib/libnds9.a(sprite.o)
                0x0000000002005d10                oamGetGfxPtr
 .text.oamGfxPtrToOffset
                0x0000000002005d48       0x34 /opt/devkitpro/libnds/lib/libnds9.a(sprite.o)
                0x0000000002005d48                oamGfxPtrToOffset
 .text.oamSet   0x0000000002005d7c      0x11c /opt/devkitpro/libnds/lib/libnds9.a(sprite.o)
                0x0000000002005d7c                oamSet
 .text.oamUpdate
                0x0000000002005e98       0x60 /opt/devkitpro/libnds/lib/libnds9.a(sprite.o)
                0x0000000002005e98                oamUpdate
 .text.scanKeys
                0x0000000002005ef8       0x8c /opt/devkitpro/libnds/lib/libnds9.a(keys.o)
                0x0000000002005ef8                scanKeys
 .text.keysHeld
                0x0000000002005f84        0xc /opt/devkitpro/libnds/lib/libnds9.a(keys.o)
                0x0000000002005f84                keysHeld
 .text.keysDownRepeat
                0x0000000002005f90       0x10 /opt/devkitpro/libnds/lib/libnds9.a(keys.o)
                0x0000000002005f90                keysDownRepeat
 .text.keysSetRepeat
                0x0000000002005fa0       0x24 /opt/devkitpro/libnds/lib/libnds9.a(keys.o)
                0x0000000002005fa0                keysSetRepeat
 .text.keysUp   0x0000000002005fc4       0x18 /opt/devkitpro/libnds/lib/libnds9.a(keys.o)
                0x0000000002005fc4                keysUp
 .text.initSystem
                0x0000000002005fdc      0x198 /opt/devkitpro/libnds/lib/libnds9.a(initSystem.o)
                0x0000000002005fdc                initSystem
 .text.__libnds_gtod
                0x0000000002006174       0x28 /opt/devkitpro/libnds/lib/libnds9.a(timeSupport.o)
                0x0000000002006174                __libnds_gtod
 .text.timerStart
                0x000000000200619c       0x40 /opt/devkitpro/libnds/lib/libnds9.a(timers.o)
                0x000000000200619c                timerStart
 .text.timerElapsed
                0x00000000020061dc       0x30 /opt/devkitpro/libnds/lib/libnds9.a(timers.o)
                0x00000000020061dc                timerElapsed
 .text.timerStop
                0x000000000200620c       0x40 /opt/devkitpro/libnds/lib/libnds9.a(timers.o)
                0x000000000200620c                timerStop
 .text.irqDummy
                0x000000000200624c        0x4 /opt/devkitpro/libnds/lib/libnds9.a(interrupts.o)
                0x000000000200624c                irqDummy
 .text.irqSet   0x0000000002006250       0x6c /opt/devkitpro/libnds/lib/libnds9.a(interrupts.o)
                0x0000000002006250                irqSet
 .text.irqInit  0x00000000020062bc       0x50 /opt/devkitpro/libnds/lib/libnds9.a(interrupts.o)
                0x00000000020062bc                irqInit
 .text.irqEnable
                0x000000000200630c       0x64 /opt/devkitpro/libnds/lib/libnds9.a(interrupts.o)
                0x000000000200630c                irqEnable
 .text.systemErrorExit
                0x0000000002006370        0x4 /opt/devkitpro/libnds/lib/libnds9.a(libnds_exit.arm.o)
                0x0000000002006370                systemErrorExit
 .text.__libnds_exit
                0x0000000002006374       0x5c /opt/devkitpro/libnds/lib/libnds9.a(libnds_exit.arm.o)
                0x0000000002006374                __libnds_exit
 .text.fifo_queueBlock
                0x00000000020063d0       0x44 /opt/devkitpro/libnds/lib/libnds9.a(fifosystem.o)
 .text.fifo_waitBlock
                0x0000000002006414       0x80 /opt/devkitpro/libnds/lib/libnds9.a(fifosystem.o)
 .text.fifoInternalSend.part.0
                0x0000000002006494       0xd4 /opt/devkitpro/libnds/lib/libnds9.a(fifosystem.o)
 .text.fifoInternalSendInterrupt
                0x0000000002006568       0xa8 /opt/devkitpro/libnds/lib/libnds9.a(fifosystem.o)
 .text.fifoSetValue32Handler
                0x0000000002006610       0xd8 /opt/devkitpro/libnds/lib/libnds9.a(fifosystem.o)
                0x0000000002006610                fifoSetValue32Handler
 .text.fifoSendValue32
                0x00000000020066e8       0x4c /opt/devkitpro/libnds/lib/libnds9.a(fifosystem.o)
                0x00000000020066e8                fifoSendValue32
 .text.fifoGetDatamsg
                0x0000000002006734       0xf4 /opt/devkitpro/libnds/lib/libnds9.a(fifosystem.o)
                0x0000000002006734                fifoGetDatamsg
 .text.fifoInternalRecvInterrupt
                0x0000000002006828      0x380 /opt/devkitpro/libnds/lib/libnds9.a(fifosystem.o)
 .text.fifoSetDatamsgHandler
                0x0000000002006ba8       0x9c /opt/devkitpro/libnds/lib/libnds9.a(fifosystem.o)
                0x0000000002006ba8                fifoSetDatamsgHandler
 .text.fifoInit
                0x0000000002006c44       0xf8 /opt/devkitpro/libnds/lib/libnds9.a(fifosystem.o)
                0x0000000002006c44                fifoInit
 .text.DC_FlushRange
                0x0000000002006d3c       0x24 /opt/devkitpro/libnds/lib/libnds9.a(dcache.o)
                0x0000000002006d3c                DC_FlushRange
 .text.__libnds_mpu_setup
                0x0000000002006d60      0x174 /opt/devkitpro/libnds/lib/libnds9.a(mpu_setup.o)
                0x0000000002006d60                __libnds_mpu_setup
 .text.memUncached
                0x0000000002006ed4       0x20 /opt/devkitpro/libnds/lib/libnds9.a(mpu_setup.o)
                0x0000000002006ed4                memUncached
 .text.swiWaitForVBlank
                0x0000000002006ef4        0x8 /opt/devkitpro/libnds/lib/libnds9.a(IntrWait.o)
                0x0000000002006ef4                swiWaitForVBlank
 .text.swiIntrWait
                0x0000000002006efc       0x70 /opt/devkitpro/libnds/lib/libnds9.a(IntrWait.o)
                0x0000000002006efc                swiIntrWait
 .text.setCpuClock
                0x0000000002006f6c       0x50 /opt/devkitpro/libnds/lib/libnds9.a(cpu_clock.o)
                0x0000000002006f6c                setCpuClock
 .text.swiSoftReset
                0x0000000002006fbc       0x2c /opt/devkitpro/libnds/lib/libnds9.a(swiSoftReset.o)
                0x0000000002006fbc                swiSoftReset
 .text.vramDefault
                0x0000000002006fe8       0xd0 /opt/devkitpro/libnds/lib/libnds9.a(video.o)
                0x0000000002006fe8                vramDefault
 .text.systemValueHandler
                0x00000000020070b8       0x48 /opt/devkitpro/libnds/lib/libnds9.a(system.o)
                0x00000000020070b8                systemValueHandler
 .text.systemMsgHandler
                0x0000000002007100       0x60 /opt/devkitpro/libnds/lib/libnds9.a(system.o)
                0x0000000002007100                systemMsgHandler
 .text.powerOn  0x0000000002007160       0x2c /opt/devkitpro/libnds/lib/libnds9.a(system.o)
                0x0000000002007160                powerOn
 .text.swiDelay
                0x000000000200718c        0x4 /opt/devkitpro/libnds/lib/libnds9.a(biosCalls.o)
                0x000000000200718c                swiDelay
 .text._fclose_r
                0x0000000002007190      0x16c /opt/devkitpro/devkitARM/bin/../lib/gcc/arm-none-eabi/10.2.0/../../../../arm-none-eabi/lib/libg.a(lib_a-fclose.o)
                0x0000000002007190                _fclose_r
 .text.fclose   0x00000000020072fc       0x18 /opt/devkitpro/devkitARM/bin/../lib/gcc/arm-none-eabi/10.2.0/../../../../arm-none-eabi/lib/libg.a(lib_a-fclose.o)
                0x00000000020072fc                fclose
 .text.__sflush_r
                0x0000000002007314      0x280 /opt/devkitpro/devkitARM/bin/../lib/gcc/arm-none-eabi/10.2.0/../../../../arm-none-eabi/lib/libg.a(lib_a-fflush.o)
                0x0000000002007314                __sflush_r
 .text._fflush_r
                0x0000000002007594       0x9c /opt/devkitpro/devkitARM/bin/../lib/gcc/arm-none-eabi/10.2.0/../../../../arm-none-eabi/lib/libg.a(lib_a-fflush.o)
                0x0000000002007594                _fflush_r
 .text.fflush   0x0000000002007630       0x3c /opt/devkitpro/devkitARM/bin/../lib/gcc/arm-none-eabi/10.2.0/../../../../arm-none-eabi/lib/libg.a(lib_a-fflush.o)
                0x0000000002007630                fflush
 .text._cleanup_r
                0x000000000200766c       0x18 /opt/devkitpro/devkitARM/bin/../lib/gcc/arm-none-eabi/10.2.0/../../../../arm-none-eabi/lib/libg.a(lib_a-findfp.o)
                0x000000000200766c                _cleanup_r
 .text.__sinit  0x0000000002007684      0x18c /opt/devkitpro/devkitARM/bin/../lib/gcc/arm-none-eabi/10.2.0/../../../../arm-none-eabi/lib/libg.a(lib_a-findfp.o)
                0x0000000002007684                __sinit
 .text.__sfp    0x0000000002007810      0x138 /opt/devkitpro/devkitARM/bin/../lib/gcc/arm-none-eabi/10.2.0/../../../../arm-none-eabi/lib/libg.a(lib_a-findfp.o)
                0x0000000002007810                __sfp
 .text.__sfp_lock_acquire
                0x0000000002007948       0x18 /opt/devkitpro/devkitARM/bin/../lib/gcc/arm-none-eabi/10.2.0/../../../../arm-none-eabi/lib/libg.a(lib_a-findfp.o)
                0x0000000002007948                __sfp_lock_acquire
 .text.__sfp_lock_release
                0x0000000002007960       0x18 /opt/devkitpro/devkitARM/bin/../lib/gcc/arm-none-eabi/10.2.0/../../../../arm-none-eabi/lib/libg.a(lib_a-findfp.o)
                0x0000000002007960                __sfp_lock_release
 .text._fopen_r
                0x0000000002007978      0x14c /opt/devkitpro/devkitARM/bin/../lib/gcc/arm-none-eabi/10.2.0/../../../../arm-none-eabi/lib/libg.a(lib_a-fopen.o)
                0x0000000002007978                _fopen_r
 .text.fopen    0x0000000002007ac4       0x20 /opt/devkitpro/devkitARM/bin/../lib/gcc/arm-none-eabi/10.2.0/../../../../arm-none-eabi/lib/libg.a(lib_a-fopen.o)
                0x0000000002007ac4                fopen
 .text.fprintf  0x0000000002007ae4       0x3c /opt/devkitpro/devkitARM/bin/../lib/gcc/arm-none-eabi/10.2.0/../../../../arm-none-eabi/lib/libg.a(lib_a-fprintf.o)
                0x0000000002007ae4                fprintf
 .text._fread_r
                0x0000000002007b20      0x2d4 /opt/devkitpro/devkitARM/bin/../lib/gcc/arm-none-eabi/10.2.0/../../../../arm-none-eabi/lib/libg.a(lib_a-fread.o)
                0x0000000002007b20                _fread_r
 .text.fread    0x0000000002007df4       0x3c /opt/devkitpro/devkitARM/bin/../lib/gcc/arm-none-eabi/10.2.0/../../../../arm-none-eabi/lib/libg.a(lib_a-fread.o)
                0x0000000002007df4                fread
 .text._malloc_trim_r
                0x0000000002007e30      0x100 /opt/devkitpro/devkitARM/bin/../lib/gcc/arm-none-eabi/10.2.0/../../../../arm-none-eabi/lib/libg.a(lib_a-freer.o)
                0x0000000002007e30                _malloc_trim_r
 .text._free_r  0x0000000002007f30      0x2e0 /opt/devkitpro/devkitARM/bin/../lib/gcc/arm-none-eabi/10.2.0/../../../../arm-none-eabi/lib/libg.a(lib_a-freer.o)
                0x0000000002007f30                _free_r
 .text._fseek_r
                0x0000000002008210       0x20 /opt/devkitpro/devkitARM/bin/../lib/gcc/arm-none-eabi/10.2.0/../../../../arm-none-eabi/lib/libg.a(lib_a-fseek.o)
                0x0000000002008210                _fseek_r
 .text.fseek    0x0000000002008230       0x38 /opt/devkitpro/devkitARM/bin/../lib/gcc/arm-none-eabi/10.2.0/../../../../arm-none-eabi/lib/libg.a(lib_a-fseek.o)
                0x0000000002008230                fseek
 .text._fseeko_r
                0x0000000002008268      0x50c /opt/devkitpro/devkitARM/bin/../lib/gcc/arm-none-eabi/10.2.0/../../../../arm-none-eabi/lib/libg.a(lib_a-fseeko.o)
                0x0000000002008268                _fseeko_r
 .text.ftell    0x0000000002008774       0x30 /opt/devkitpro/devkitARM/bin/../lib/gcc/arm-none-eabi/10.2.0/../../../../arm-none-eabi/lib/libg.a(lib_a-ftell.o)
                0x0000000002008774                ftell
 .text._ftello_r
                0x00000000020087a4      0x1c8 /opt/devkitpro/devkitARM/bin/../lib/gcc/arm-none-eabi/10.2.0/../../../../arm-none-eabi/lib/libg.a(lib_a-ftello.o)
                0x00000000020087a4                _ftello_r
 .text._fwalk   0x000000000200896c       0x70 /opt/devkitpro/devkitARM/bin/../lib/gcc/arm-none-eabi/10.2.0/../../../../arm-none-eabi/lib/libg.a(lib_a-fwalk.o)
                0x000000000200896c                _fwalk
 .text._fwalk_reent
                0x00000000020089dc       0x78 /opt/devkitpro/devkitARM/bin/../lib/gcc/arm-none-eabi/10.2.0/../../../../arm-none-eabi/lib/libg.a(lib_a-fwalk.o)
                0x00000000020089dc                _fwalk_reent
 .text._fwrite_r
                0x0000000002008a54      0x100 /opt/devkitpro/devkitARM/bin/../lib/gcc/arm-none-eabi/10.2.0/../../../../arm-none-eabi/lib/libg.a(lib_a-fwrite.o)
                0x0000000002008a54                _fwrite_r
 .text.fwrite   0x0000000002008b54       0x3c /opt/devkitpro/devkitARM/bin/../lib/gcc/arm-none-eabi/10.2.0/../../../../arm-none-eabi/lib/libg.a(lib_a-fwrite.o)
                0x0000000002008b54                fwrite
 .text.__libc_init_array
                0x0000000002008b90       0x88 /opt/devkitpro/devkitARM/bin/../lib/gcc/arm-none-eabi/10.2.0/../../../../arm-none-eabi/lib/libg.a(lib_a-init.o)
                0x0000000002008b90                __libc_init_array
 .text.iprintf  0x0000000002008c18       0x34 /opt/devkitpro/devkitARM/bin/../lib/gcc/arm-none-eabi/10.2.0/../../../../arm-none-eabi/lib/libg.a(lib_a-iprintf.o)
                0x0000000002008c18                iprintf
 .text.__smakebuf_r
                0x0000000002008c4c      0x144 /opt/devkitpro/devkitARM/bin/../lib/gcc/arm-none-eabi/10.2.0/../../../../arm-none-eabi/lib/libg.a(lib_a-makebuf.o)
                0x0000000002008c4c                __smakebuf_r
 .text.__swhatbuf_r
                0x0000000002008d90       0xa0 /opt/devkitpro/devkitARM/bin/../lib/gcc/arm-none-eabi/10.2.0/../../../../arm-none-eabi/lib/libg.a(lib_a-makebuf.o)
                0x0000000002008d90                __swhatbuf_r
 .text.malloc   0x0000000002008e30       0x1c /opt/devkitpro/devkitARM/bin/../lib/gcc/arm-none-eabi/10.2.0/../../../../arm-none-eabi/lib/libg.a(lib_a-malloc.o)
                0x0000000002008e30                malloc
 .text.free     0x0000000002008e4c       0x1c /opt/devkitpro/devkitARM/bin/../lib/gcc/arm-none-eabi/10.2.0/../../../../arm-none-eabi/lib/libg.a(lib_a-malloc.o)
                0x0000000002008e4c                free
 .text._malloc_r
                0x0000000002008e68      0x800 /opt/devkitpro/devkitARM/bin/../lib/gcc/arm-none-eabi/10.2.0/../../../../arm-none-eabi/lib/libg.a(lib_a-mallocr.o)
                0x0000000002008e68                _malloc_r
 .text.memcpy   0x0000000002009668      0x120 /opt/devkitpro/devkitARM/bin/../lib/gcc/arm-none-eabi/10.2.0/../../../../arm-none-eabi/lib/libg.a(lib_a-memcpy-stub.o)
                0x0000000002009668                memcpy
 .text.memset   0x0000000002009788      0x11c /opt/devkitpro/devkitARM/bin/../lib/gcc/arm-none-eabi/10.2.0/../../../../arm-none-eabi/lib/libg.a(lib_a-memset.o)
                0x0000000002009788                memset
 .text.__malloc_lock
                0x00000000020098a4       0x18 /opt/devkitpro/devkitARM/bin/../lib/gcc/arm-none-eabi/10.2.0/../../../../arm-none-eabi/lib/libg.a(lib_a-mlock.o)
                0x00000000020098a4                __malloc_lock
 .text.__malloc_unlock
                0x00000000020098bc       0x18 /opt/devkitpro/devkitARM/bin/../lib/gcc/arm-none-eabi/10.2.0/../../../../arm-none-eabi/lib/libg.a(lib_a-mlock.o)
                0x00000000020098bc                __malloc_unlock
 .text.realloc  0x00000000020098d4       0x24 /opt/devkitpro/devkitARM/bin/../lib/gcc/arm-none-eabi/10.2.0/../../../../arm-none-eabi/lib/libg.a(lib_a-realloc.o)
                0x00000000020098d4                realloc
 .text._realloc_r
                0x00000000020098f8      0x5ac /opt/devkitpro/devkitARM/bin/../lib/gcc/arm-none-eabi/10.2.0/../../../../arm-none-eabi/lib/libg.a(lib_a-reallocr.o)
                0x00000000020098f8                _realloc_r
 .text.lflush   0x0000000002009ea4       0x28 /opt/devkitpro/devkitARM/bin/../lib/gcc/arm-none-eabi/10.2.0/../../../../arm-none-eabi/lib/libg.a(lib_a-refill.o)
 .text.__srefill_r
                0x0000000002009ecc      0x1bc /opt/devkitpro/devkitARM/bin/../lib/gcc/arm-none-eabi/10.2.0/../../../../arm-none-eabi/lib/libg.a(lib_a-refill.o)
                0x0000000002009ecc                __srefill_r
 .text.setvbuf  0x000000000200a088      0x268 /opt/devkitpro/devkitARM/bin/../lib/gcc/arm-none-eabi/10.2.0/../../../../arm-none-eabi/lib/libg.a(lib_a-setvbuf.o)
                0x000000000200a088                setvbuf
 .text.siscanf  0x000000000200a2f0       0x74 /opt/devkitpro/devkitARM/bin/../lib/gcc/arm-none-eabi/10.2.0/../../../../arm-none-eabi/lib/libg.a(lib_a-siscanf.o)
                0x000000000200a2f0                siscanf
 .text.__sread  0x000000000200a364       0x4c /opt/devkitpro/devkitARM/bin/../lib/gcc/arm-none-eabi/10.2.0/../../../../arm-none-eabi/lib/libg.a(lib_a-stdio.o)
                0x000000000200a364                __sread
 .text.__seofread
                0x000000000200a3b0        0x8 /opt/devkitpro/devkitARM/bin/../lib/gcc/arm-none-eabi/10.2.0/../../../../arm-none-eabi/lib/libg.a(lib_a-stdio.o)
                0x000000000200a3b0                __seofread
 .text.__swrite
                0x000000000200a3b8       0x6c /opt/devkitpro/devkitARM/bin/../lib/gcc/arm-none-eabi/10.2.0/../../../../arm-none-eabi/lib/libg.a(lib_a-stdio.o)
                0x000000000200a3b8                __swrite
 .text.__sseek  0x000000000200a424       0x4c /opt/devkitpro/devkitARM/bin/../lib/gcc/arm-none-eabi/10.2.0/../../../../arm-none-eabi/lib/libg.a(lib_a-stdio.o)
                0x000000000200a424                __sseek
 .text.__sclose
                0x000000000200a470       0x14 /opt/devkitpro/devkitARM/bin/../lib/gcc/arm-none-eabi/10.2.0/../../../../arm-none-eabi/lib/libg.a(lib_a-stdio.o)
                0x000000000200a470                __sclose
 .text.strcpy   0x000000000200a484       0xf0 /opt/devkitpro/devkitARM/bin/../lib/gcc/arm-none-eabi/10.2.0/../../../../arm-none-eabi/lib/libg.a(lib_a-strcpy.o)
                0x000000000200a484                strcpy
 .text.strlen   0x000000000200a574       0x60 /opt/devkitpro/devkitARM/bin/../lib/gcc/arm-none-eabi/10.2.0/../../../../arm-none-eabi/lib/libg.a(lib_a-strlen-stub.o)
                0x000000000200a574                strlen
 .text.get_arg  0x000000000200a5d4       0x54 /opt/devkitpro/devkitARM/bin/../lib/gcc/arm-none-eabi/10.2.0/../../../../arm-none-eabi/lib/libg.a(lib_a-svfiscanf.o)
 .text._sungetc_r
                0x000000000200a628       0xe4 /opt/devkitpro/devkitARM/bin/../lib/gcc/arm-none-eabi/10.2.0/../../../../arm-none-eabi/lib/libg.a(lib_a-svfiscanf.o)
                0x000000000200a628                _sungetc_r
 .text.__ssrefill_r
                0x000000000200a70c       0x68 /opt/devkitpro/devkitARM/bin/../lib/gcc/arm-none-eabi/10.2.0/../../../../arm-none-eabi/lib/libg.a(lib_a-svfiscanf.o)
                0x000000000200a70c                __ssrefill_r
 .text._sfread_r
                0x000000000200a774       0xcc /opt/devkitpro/devkitARM/bin/../lib/gcc/arm-none-eabi/10.2.0/../../../../arm-none-eabi/lib/libg.a(lib_a-svfiscanf.o)
                0x000000000200a774                _sfread_r
 .text.__ssvfiscanf_r
                0x000000000200a840     0x233c /opt/devkitpro/devkitARM/bin/../lib/gcc/arm-none-eabi/10.2.0/../../../../arm-none-eabi/lib/libg.a(lib_a-svfiscanf.o)
                0x000000000200a840                __ssvfiscanf_r
 .text.__submore
                0x000000000200cb7c       0xb0 /opt/devkitpro/devkitARM/bin/../lib/gcc/arm-none-eabi/10.2.0/../../../../arm-none-eabi/lib/libg.a(lib_a-ungetc.o)
                0x000000000200cb7c                __submore
 .text.get_arg  0x000000000200cc2c      0x64c /opt/devkitpro/devkitARM/bin/../lib/gcc/arm-none-eabi/10.2.0/../../../../arm-none-eabi/lib/libg.a(lib_a-vfiprintf.o)
 .text.__sprint_r
                0x000000000200d278       0x34 /opt/devkitpro/devkitARM/bin/../lib/gcc/arm-none-eabi/10.2.0/../../../../arm-none-eabi/lib/libg.a(lib_a-vfiprintf.o)
                0x000000000200d278                __sprint_r
 .text._vfiprintf_r
                0x000000000200d2ac     0x2598 /opt/devkitpro/devkitARM/bin/../lib/gcc/arm-none-eabi/10.2.0/../../../../arm-none-eabi/lib/libg.a(lib_a-vfiprintf.o)
                0x000000000200d2ac                _vfiprintf_r
 .text.__sbprintf
                0x000000000200f844       0xd4 /opt/devkitpro/devkitARM/bin/../lib/gcc/arm-none-eabi/10.2.0/../../../../arm-none-eabi/lib/libg.a(lib_a-vfiprintf.o)
 .text.get_arg  0x000000000200f918      0x64c /opt/devkitpro/devkitARM/bin/../lib/gcc/arm-none-eabi/10.2.0/../../../../arm-none-eabi/lib/libg.a(lib_a-vfprintf.o)
 .text._vfprintf_r
                0x000000000200ff64     0x3990 /opt/devkitpro/devkitARM/bin/../lib/gcc/arm-none-eabi/10.2.0/../../../../arm-none-eabi/lib/libg.a(lib_a-vfprintf.o)
                0x000000000200ff64                _vfprintf_r
 .text.__sbprintf
                0x00000000020138f4       0xd4 /opt/devkitpro/devkitARM/bin/../lib/gcc/arm-none-eabi/10.2.0/../../../../arm-none-eabi/lib/libg.a(lib_a-vfprintf.o)
 .text.viprintf
                0x00000000020139c8       0x28 /opt/devkitpro/devkitARM/bin/../lib/gcc/arm-none-eabi/10.2.0/../../../../arm-none-eabi/lib/libg.a(lib_a-viprintf.o)
                0x00000000020139c8                viprintf
 .text._wcrtomb_r
                0x00000000020139f0       0x5c /opt/devkitpro/devkitARM/bin/../lib/gcc/arm-none-eabi/10.2.0/../../../../arm-none-eabi/lib/libg.a(lib_a-wcrtomb.o)
                0x00000000020139f0                _wcrtomb_r
 .text._wcsrtombs_r
                0x0000000002013a4c       0x2c /opt/devkitpro/devkitARM/bin/../lib/gcc/arm-none-eabi/10.2.0/../../../../arm-none-eabi/lib/libg.a(lib_a-wcsrtombs.o)
                0x0000000002013a4c                _wcsrtombs_r
 .text.__swsetup_r
                0x0000000002013a78      0x160 /opt/devkitpro/devkitARM/bin/../lib/gcc/arm-none-eabi/10.2.0/../../../../arm-none-eabi/lib/libg.a(lib_a-wsetup.o)
                0x0000000002013a78                __swsetup_r
 .text.quorem   0x0000000002013bd8      0x1c0 /opt/devkitpro/devkitARM/bin/../lib/gcc/arm-none-eabi/10.2.0/../../../../arm-none-eabi/lib/libg.a(lib_a-dtoa.o)
 .text._dtoa_r  0x0000000002013d98     0x1730 /opt/devkitpro/devkitARM/bin/../lib/gcc/arm-none-eabi/10.2.0/../../../../arm-none-eabi/lib/libg.a(lib_a-dtoa.o)
                0x0000000002013d98                _dtoa_r
 .text.__sflags
                0x00000000020154c8       0xd0 /opt/devkitpro/devkitARM/bin/../lib/gcc/arm-none-eabi/10.2.0/../../../../arm-none-eabi/lib/libg.a(lib_a-flags.o)
                0x00000000020154c8                __sflags
 .text.__sfvwrite_r
                0x0000000002015598      0x4d0 /opt/devkitpro/devkitARM/bin/../lib/gcc/arm-none-eabi/10.2.0/../../../../arm-none-eabi/lib/libg.a(lib_a-fvwrite.o)
                0x0000000002015598                __sfvwrite_r
 .text.iswspace
                0x0000000002015a68       0x14 /opt/devkitpro/devkitARM/bin/../lib/gcc/arm-none-eabi/10.2.0/../../../../arm-none-eabi/lib/libg.a(lib_a-iswspace.o)
                0x0000000002015a68                iswspace
 .text._localeconv_r
                0x0000000002015a7c        0xc /opt/devkitpro/devkitARM/bin/../lib/gcc/arm-none-eabi/10.2.0/../../../../arm-none-eabi/lib/libg.a(lib_a-localeconv.o)
                0x0000000002015a7c                _localeconv_r
 .text.__locale_mb_cur_max
                0x0000000002015a88       0x10 /opt/devkitpro/devkitARM/bin/../lib/gcc/arm-none-eabi/10.2.0/../../../../arm-none-eabi/lib/libg.a(lib_a-locale.o)
                0x0000000002015a88                __locale_mb_cur_max
 .text._mbrtowc_r
                0x0000000002015a98       0x70 /opt/devkitpro/devkitARM/bin/../lib/gcc/arm-none-eabi/10.2.0/../../../../arm-none-eabi/lib/libg.a(lib_a-mbrtowc.o)
                0x0000000002015a98                _mbrtowc_r
 .text.__utf8_mbtowc
                0x0000000002015b08      0x308 /opt/devkitpro/devkitARM/bin/../lib/gcc/arm-none-eabi/10.2.0/../../../../arm-none-eabi/lib/libg.a(lib_a-mbtowc_r.o)
                0x0000000002015b08                __utf8_mbtowc
 .text.memchr   0x0000000002015e10       0xf0 /opt/devkitpro/devkitARM/bin/../lib/gcc/arm-none-eabi/10.2.0/../../../../arm-none-eabi/lib/libg.a(lib_a-memchr-stub.o)
                0x0000000002015e10                memchr
 .text.memmove  0x0000000002015f00      0x158 /opt/devkitpro/devkitARM/bin/../lib/gcc/arm-none-eabi/10.2.0/../../../../arm-none-eabi/lib/libg.a(lib_a-memmove.o)
                0x0000000002015f00                memmove
 .text._Balloc  0x0000000002016058       0x8c /opt/devkitpro/devkitARM/bin/../lib/gcc/arm-none-eabi/10.2.0/../../../../arm-none-eabi/lib/libg.a(lib_a-mprec.o)
                0x0000000002016058                _Balloc
 .text._Bfree   0x00000000020160e4       0x1c /opt/devkitpro/devkitARM/bin/../lib/gcc/arm-none-eabi/10.2.0/../../../../arm-none-eabi/lib/libg.a(lib_a-mprec.o)
                0x00000000020160e4                _Bfree
 .text.__multadd
                0x0000000002016100      0x100 /opt/devkitpro/devkitARM/bin/../lib/gcc/arm-none-eabi/10.2.0/../../../../arm-none-eabi/lib/libg.a(lib_a-mprec.o)
                0x0000000002016100                __multadd
 .text.__hi0bits
                0x0000000002016200       0x58 /opt/devkitpro/devkitARM/bin/../lib/gcc/arm-none-eabi/10.2.0/../../../../arm-none-eabi/lib/libg.a(lib_a-mprec.o)
                0x0000000002016200                __hi0bits
 .text.__lo0bits
                0x0000000002016258       0x9c /opt/devkitpro/devkitARM/bin/../lib/gcc/arm-none-eabi/10.2.0/../../../../arm-none-eabi/lib/libg.a(lib_a-mprec.o)
                0x0000000002016258                __lo0bits
 .text.__i2b    0x00000000020162f4       0xa8 /opt/devkitpro/devkitARM/bin/../lib/gcc/arm-none-eabi/10.2.0/../../../../arm-none-eabi/lib/libg.a(lib_a-mprec.o)
                0x00000000020162f4                __i2b
 .text.__multiply
                0x000000000201639c      0x214 /opt/devkitpro/devkitARM/bin/../lib/gcc/arm-none-eabi/10.2.0/../../../../arm-none-eabi/lib/libg.a(lib_a-mprec.o)
                0x000000000201639c                __multiply
 .text.__pow5mult
                0x00000000020165b0      0x124 /opt/devkitpro/devkitARM/bin/../lib/gcc/arm-none-eabi/10.2.0/../../../../arm-none-eabi/lib/libg.a(lib_a-mprec.o)
                0x00000000020165b0                __pow5mult
 .text.__lshift
                0x00000000020166d4      0x140 /opt/devkitpro/devkitARM/bin/../lib/gcc/arm-none-eabi/10.2.0/../../../../arm-none-eabi/lib/libg.a(lib_a-mprec.o)
                0x00000000020166d4                __lshift
 .text.__mcmp   0x0000000002016814       0x60 /opt/devkitpro/devkitARM/bin/../lib/gcc/arm-none-eabi/10.2.0/../../../../arm-none-eabi/lib/libg.a(lib_a-mprec.o)
                0x0000000002016814                __mcmp
 .text.__mdiff  0x0000000002016874      0x1f4 /opt/devkitpro/devkitARM/bin/../lib/gcc/arm-none-eabi/10.2.0/../../../../arm-none-eabi/lib/libg.a(lib_a-mprec.o)
                0x0000000002016874                __mdiff
 .text.__d2b    0x0000000002016a68      0x144 /opt/devkitpro/devkitARM/bin/../lib/gcc/arm-none-eabi/10.2.0/../../../../arm-none-eabi/lib/libg.a(lib_a-mprec.o)
                0x0000000002016a68                __d2b
 .text.__sccl   0x0000000002016bac       0xe8 /opt/devkitpro/devkitARM/bin/../lib/gcc/arm-none-eabi/10.2.0/../../../../arm-none-eabi/lib/libg.a(lib_a-sccl.o)
                0x0000000002016bac                __sccl
 .text.frexp    0x0000000002016c94       0xa4 /opt/devkitpro/devkitARM/bin/../lib/gcc/arm-none-eabi/10.2.0/../../../../arm-none-eabi/lib/libg.a(lib_a-s_frexp.o)
                0x0000000002016c94                frexp
 .text.strchr   0x0000000002016d38      0x150 /opt/devkitpro/devkitARM/bin/../lib/gcc/arm-none-eabi/10.2.0/../../../../arm-none-eabi/lib/libg.a(lib_a-strchr.o)
                0x0000000002016d38                strchr
 .text.strncmp  0x0000000002016e88       0xe4 /opt/devkitpro/devkitARM/bin/../lib/gcc/arm-none-eabi/10.2.0/../../../../arm-none-eabi/lib/libg.a(lib_a-strncmp.o)
                0x0000000002016e88                strncmp
 .text.strncpy  0x0000000002016f6c       0xcc /opt/devkitpro/devkitARM/bin/../lib/gcc/arm-none-eabi/10.2.0/../../../../arm-none-eabi/lib/libg.a(lib_a-strncpy.o)
                0x0000000002016f6c                strncpy
 .text._strtoll_l.constprop.0
                0x0000000002017038      0x230 /opt/devkitpro/devkitARM/bin/../lib/gcc/arm-none-eabi/10.2.0/../../../../arm-none-eabi/lib/libg.a(lib_a-strtoll.o)
 .text._strtoll_r
                0x0000000002017268        0x4 /opt/devkitpro/devkitARM/bin/../lib/gcc/arm-none-eabi/10.2.0/../../../../arm-none-eabi/lib/libg.a(lib_a-strtoll.o)
                0x0000000002017268                _strtoll_r
 .text._strtol_l.part.0
                0x000000000201726c      0x1b4 /opt/devkitpro/devkitARM/bin/../lib/gcc/arm-none-eabi/10.2.0/../../../../arm-none-eabi/lib/libg.a(lib_a-strtol.o)
 .text._strtol_r
                0x0000000002017420       0x3c /opt/devkitpro/devkitARM/bin/../lib/gcc/arm-none-eabi/10.2.0/../../../../arm-none-eabi/lib/libg.a(lib_a-strtol.o)
                0x0000000002017420                _strtol_r
 .text._strtoull_l.constprop.0
                0x000000000201745c      0x248 /opt/devkitpro/devkitARM/bin/../lib/gcc/arm-none-eabi/10.2.0/../../../../arm-none-eabi/lib/libg.a(lib_a-strtoull.o)
 .text._strtoull_r
                0x00000000020176a4        0x4 /opt/devkitpro/devkitARM/bin/../lib/gcc/arm-none-eabi/10.2.0/../../../../arm-none-eabi/lib/libg.a(lib_a-strtoull.o)
                0x00000000020176a4                _strtoull_r
 .text._strtoul_l.constprop.0
                0x00000000020176a8      0x1cc /opt/devkitpro/devkitARM/bin/../lib/gcc/arm-none-eabi/10.2.0/../../../../arm-none-eabi/lib/libg.a(lib_a-strtoul.o)
 .text._strtoul_r
                0x0000000002017874        0x4 /opt/devkitpro/devkitARM/bin/../lib/gcc/arm-none-eabi/10.2.0/../../../../arm-none-eabi/lib/libg.a(lib_a-strtoul.o)
                0x0000000002017874                _strtoul_r
 .text._wcsnrtombs_l
                0x0000000002017878      0x1a0 /opt/devkitpro/devkitARM/bin/../lib/gcc/arm-none-eabi/10.2.0/../../../../arm-none-eabi/lib/libg.a(lib_a-wcsnrtombs.o)
                0x0000000002017878                _wcsnrtombs_l
 .text._wcsnrtombs_r
                0x0000000002017a18       0x50 /opt/devkitpro/devkitARM/bin/../lib/gcc/arm-none-eabi/10.2.0/../../../../arm-none-eabi/lib/libg.a(lib_a-wcsnrtombs.o)
                0x0000000002017a18                _wcsnrtombs_r
 .text.__utf8_wctomb
                0x0000000002017a68       0xf4 /opt/devkitpro/devkitARM/bin/../lib/gcc/arm-none-eabi/10.2.0/../../../../arm-none-eabi/lib/libg.a(lib_a-wctomb_r.o)
                0x0000000002017a68                __utf8_wctomb
 .text.__assert_func
                0x0000000002017b5c       0x5c /opt/devkitpro/devkitARM/bin/../lib/gcc/arm-none-eabi/10.2.0/../../../../arm-none-eabi/lib/libg.a(lib_a-assert.o)
                0x0000000002017b5c                __assert_func
 .text._calloc_r
                0x0000000002017bb8       0x9c /opt/devkitpro/devkitARM/bin/../lib/gcc/arm-none-eabi/10.2.0/../../../../arm-none-eabi/lib/libg.a(lib_a-callocr.o)
                0x0000000002017bb8                _calloc_r
 .text.__errno  0x0000000002017c54       0x10 /opt/devkitpro/devkitARM/bin/../lib/gcc/arm-none-eabi/10.2.0/../../../../arm-none-eabi/lib/libg.a(lib_a-errno.o)
                0x0000000002017c54                __errno
 .text.fiprintf
                0x0000000002017c64       0x3c /opt/devkitpro/devkitARM/bin/../lib/gcc/arm-none-eabi/10.2.0/../../../../arm-none-eabi/lib/libg.a(lib_a-fiprintf.o)
                0x0000000002017c64                fiprintf
 .text.iswspace_l
                0x0000000002017ca0       0x44 /opt/devkitpro/devkitARM/bin/../lib/gcc/arm-none-eabi/10.2.0/../../../../arm-none-eabi/lib/libg.a(lib_a-iswspace_l.o)
                0x0000000002017ca0                iswspace_l
 .text.__jp2uc  0x0000000002017ce4      0x1e4 /opt/devkitpro/devkitARM/bin/../lib/gcc/arm-none-eabi/10.2.0/../../../../arm-none-eabi/lib/libg.a(lib_a-jp2uc.o)
 .text._jp2uc_l
                0x0000000002017ec8       0x94 /opt/devkitpro/devkitARM/bin/../lib/gcc/arm-none-eabi/10.2.0/../../../../arm-none-eabi/lib/libg.a(lib_a-jp2uc.o)
                0x0000000002017ec8                _jp2uc_l
 .text.abort    0x0000000002017f5c       0x14 /opt/devkitpro/devkitARM/bin/../lib/gcc/arm-none-eabi/10.2.0/../../../../arm-none-eabi/lib/libg.a(lib_a-abort.o)
                0x0000000002017f5c                abort
 .text.category
                0x0000000002017f70       0x8c /opt/devkitpro/devkitARM/bin/../lib/gcc/arm-none-eabi/10.2.0/../../../../arm-none-eabi/lib/libg.a(lib_a-categories.o)
                0x0000000002017f70                category
 .text._raise_r
                0x0000000002017ffc       0x98 /opt/devkitpro/devkitARM/bin/../lib/gcc/arm-none-eabi/10.2.0/../../../../arm-none-eabi/lib/libg.a(lib_a-signal.o)
                0x0000000002017ffc                _raise_r
 .text.raise    0x0000000002018094       0x18 /opt/devkitpro/devkitARM/bin/../lib/gcc/arm-none-eabi/10.2.0/../../../../arm-none-eabi/lib/libg.a(lib_a-signal.o)
                0x0000000002018094                raise
 .text.null_write
                0x00000000020180ac        0x8 /opt/devkitpro/devkitARM/bin/../lib/gcc/arm-none-eabi/10.2.0/../../../../arm-none-eabi/lib/libsysbase.a(iosupport.o)
 .text.FindDevice
                0x00000000020180b4       0xd4 /opt/devkitpro/devkitARM/bin/../lib/gcc/arm-none-eabi/10.2.0/../../../../arm-none-eabi/lib/libsysbase.a(iosupport.o)
                0x00000000020180b4                FindDevice
 .text._fstat_r
                0x0000000002018188       0x7c /opt/devkitpro/devkitARM/bin/../lib/gcc/arm-none-eabi/10.2.0/../../../../arm-none-eabi/lib/libsysbase.a(fstat.o)
                0x0000000002018188                _fstat_r
 .text._getpid_r
                0x0000000002018204       0x14 /opt/devkitpro/devkitARM/bin/../lib/gcc/arm-none-eabi/10.2.0/../../../../arm-none-eabi/lib/libsysbase.a(getpid.o)
                0x0000000002018204                _getpid_r
 .text._isatty_r
                0x0000000002018218        0x8 /opt/devkitpro/devkitARM/bin/../lib/gcc/arm-none-eabi/10.2.0/../../../../arm-none-eabi/lib/libsysbase.a(isatty.o)
                0x0000000002018218                _isatty_r
 .text._kill_r  0x0000000002018220       0x14 /opt/devkitpro/devkitARM/bin/../lib/gcc/arm-none-eabi/10.2.0/../../../../arm-none-eabi/lib/libsysbase.a(kill.o)
                0x0000000002018220                _kill_r
 .text._lseek_r
                0x0000000002018234       0x88 /opt/devkitpro/devkitARM/bin/../lib/gcc/arm-none-eabi/10.2.0/../../../../arm-none-eabi/lib/libsysbase.a(lseek.o)
                0x0000000002018234                _lseek_r
 .text._open_r  0x00000000020182bc       0xd0 /opt/devkitpro/devkitARM/bin/../lib/gcc/arm-none-eabi/10.2.0/../../../../arm-none-eabi/lib/libsysbase.a(open.o)
                0x00000000020182bc                _open_r
 .text._read_r  0x000000000201838c       0x84 /opt/devkitpro/devkitARM/bin/../lib/gcc/arm-none-eabi/10.2.0/../../../../arm-none-eabi/lib/libsysbase.a(read.o)
                0x000000000201838c                _read_r
 .text._sbrk_r  0x0000000002018410       0x7c /opt/devkitpro/devkitARM/bin/../lib/gcc/arm-none-eabi/10.2.0/../../../../arm-none-eabi/lib/libsysbase.a(sbrk.o)
                0x0000000002018410                _sbrk_r
 .text._write_r
                0x000000000201848c       0x84 /opt/devkitpro/devkitARM/bin/../lib/gcc/arm-none-eabi/10.2.0/../../../../arm-none-eabi/lib/libsysbase.a(write.o)
                0x000000000201848c                _write_r
 .text._exit    0x0000000002018510       0x28 /opt/devkitpro/devkitARM/bin/../lib/gcc/arm-none-eabi/10.2.0/../../../../arm-none-eabi/lib/libsysbase.a(_exit.o)
                0x0000000002018510                _exit
 .text.build_argv
                0x0000000002018538       0x80 /opt/devkitpro/devkitARM/bin/../lib/gcc/arm-none-eabi/10.2.0/../../../../arm-none-eabi/lib/libsysbase.a(build_argv.o)
                0x0000000002018538                build_argv
 .text.__flockfile
                0x00000000020185b8       0x14 /opt/devkitpro/devkitARM/bin/../lib/gcc/arm-none-eabi/10.2.0/../../../../arm-none-eabi/lib/libsysbase.a(flock.o)
                0x00000000020185b8                __flockfile
 .text.__funlockfile
                0x00000000020185cc       0x14 /opt/devkitpro/devkitARM/bin/../lib/gcc/arm-none-eabi/10.2.0/../../../../arm-none-eabi/lib/libsysbase.a(flock.o)
                0x00000000020185cc                __funlockfile
 .text.__libc_lock_acquire
                0x00000000020185e0       0x18 /opt/devkitpro/devkitARM/bin/../lib/gcc/arm-none-eabi/10.2.0/../../../../arm-none-eabi/lib/libsysbase.a(syscall_support.o)
                0x00000000020185e0                __libc_lock_acquire
 .text.__libc_lock_release
                0x00000000020185f8       0x18 /opt/devkitpro/devkitARM/bin/../lib/gcc/arm-none-eabi/10.2.0/../../../../arm-none-eabi/lib/libsysbase.a(syscall_support.o)
                0x00000000020185f8                __libc_lock_release
 .text.__libc_lock_init_recursive
                0x0000000002018610       0x18 /opt/devkitpro/devkitARM/bin/../lib/gcc/arm-none-eabi/10.2.0/../../../../arm-none-eabi/lib/libsysbase.a(syscall_support.o)
                0x0000000002018610                __libc_lock_init_recursive
 .text.__libc_lock_acquire_recursive
                0x0000000002018628       0x18 /opt/devkitpro/devkitARM/bin/../lib/gcc/arm-none-eabi/10.2.0/../../../../arm-none-eabi/lib/libsysbase.a(syscall_support.o)
                0x0000000002018628                __libc_lock_acquire_recursive
 .text.__libc_lock_release_recursive
                0x0000000002018640       0x18 /opt/devkitpro/devkitARM/bin/../lib/gcc/arm-none-eabi/10.2.0/../../../../arm-none-eabi/lib/libsysbase.a(syscall_support.o)
                0x0000000002018640                __libc_lock_release_recursive
 .text.__libc_lock_close_recursive
                0x0000000002018658       0x18 /opt/devkitpro/devkitARM/bin/../lib/gcc/arm-none-eabi/10.2.0/../../../../arm-none-eabi/lib/libsysbase.a(syscall_support.o)
                0x0000000002018658                __libc_lock_close_recursive
 .text.__release_handle
                0x0000000002018670       0x90 /opt/devkitpro/devkitARM/bin/../lib/gcc/arm-none-eabi/10.2.0/../../../../arm-none-eabi/lib/libsysbase.a(handle_manager.o)
                0x0000000002018670                __release_handle
 .text.__alloc_handle
                0x0000000002018700       0xb8 /opt/devkitpro/devkitARM/bin/../lib/gcc/arm-none-eabi/10.2.0/../../../../arm-none-eabi/lib/libsysbase.a(handle_manager.o)
                0x0000000002018700                __alloc_handle
 .text.__get_handle
                0x00000000020187b8       0x40 /opt/devkitpro/devkitARM/bin/../lib/gcc/arm-none-eabi/10.2.0/../../../../arm-none-eabi/lib/libsysbase.a(handle_manager.o)
                0x00000000020187b8                __get_handle
 .text._close_r
                0x00000000020187f8       0xfc /opt/devkitpro/devkitARM/bin/../lib/gcc/arm-none-eabi/10.2.0/../../../../arm-none-eabi/lib/libsysbase.a(handle_manager.o)
                0x00000000020187f8                _close_r
 .text.__getreent
                0x00000000020188f4       0x24 /opt/devkitpro/devkitARM/bin/../lib/gcc/arm-none-eabi/10.2.0/../../../../arm-none-eabi/lib/libsysbase.a(getreent.o)
                0x00000000020188f4                __getreent
 .text.__udivmoddi4
                0x0000000002018918      0x128 /opt/devkitpro/devkitARM/bin/../lib/gcc/arm-none-eabi/10.2.0/libgcc.a(_udivmoddi4.o)
                0x0000000002018918                __udivmoddi4
 .text.__udivmoddi4.__stub
                0x0000000002018a40      0x160 linker stubs
 *(EXCLUDE_FILE(*.twl*) .gnu.warning)
 *(EXCLUDE_FILE(*.twl*) .gnu.linkonce.t*)
 *(.glue_7)
 .glue_7        0x0000000002018be8        0x0 linker stubs
 *(.glue_7t)
 .glue_7t       0x0000000002018be8        0x0 linker stubs
                0x0000000002018be8                . = ALIGN (0x4)

.vfp11_veneer   0x0000000002018be8        0x0
 .vfp11_veneer  0x0000000002018be8        0x0 linker stubs

.v4_bx          0x0000000002018be8        0x0
 .v4_bx         0x0000000002018be8        0x0 linker stubs

.iplt           0x0000000002018be8        0x0
 .iplt          0x0000000002018be8        0x0 /opt/devkitpro/devkitARM/bin/../lib/gcc/arm-none-eabi/10.2.0/../../../../arm-none-eabi/lib/ds_arm9_crt0.o

.fini           0x0000000002018be8       0x18
 *(.fini)
 .fini          0x0000000002018be8        0xc /opt/devkitpro/devkitARM/bin/../lib/gcc/arm-none-eabi/10.2.0/crti.o
                0x0000000002018be8                _fini
 .fini          0x0000000002018bf4        0xc /opt/devkitpro/devkitARM/bin/../lib/gcc/arm-none-eabi/10.2.0/crtn.o
                0x0000000002018c00                __text_end = .

.rodata         0x0000000002018c00    0x112c8
 *(EXCLUDE_FILE(*.twl*) .rodata)
 .rodata        0x0000000002018c00     0x80d4 lin.o
                0x0000000002018c00                key_layout_shift_str
                0x0000000002018c38                key_layout_str
                0x0000000002018c70                bottom_str
                0x0000000002018cac                path_str
                0x0000000002018cb4                palette
                0x0000000002018cd4                font
 *all.rodata*(*)
 *(EXCLUDE_FILE(*.twl*) .roda)
 *(EXCLUDE_FILE(*.twl*) .rodata.*)
 .rodata.str1.4
                0x0000000002020cd4      0x146 lin.o
 *fill*         0x0000000002020e1a        0x2 ff
 .rodata.__sassert.str1.4
                0x0000000002020e1c       0x42 /opt/devkitpro/libnds/lib/libnds9.a(sassert.o)
 *fill*         0x0000000002020e5e        0x2 ff
 .rodata.con_write.str1.4
                0x0000000002020e60       0x30 /opt/devkitpro/libnds/lib/libnds9.a(console.o)
 .rodata.con_write
                0x0000000002020e90       0xd4 /opt/devkitpro/libnds/lib/libnds9.a(console.o)
 .rodata.str1.4
                0x0000000002020f64       0x14 /opt/devkitpro/libnds/lib/libnds9.a(console.o)
 .rodata.dotab_nocash
                0x0000000002020f78       0x70 /opt/devkitpro/libnds/lib/libnds9.a(console.o)
 .rodata.dotab_null
                0x0000000002020fe8       0x70 /opt/devkitpro/libnds/lib/libnds9.a(console.o)
 .rodata.dotab_stdout
                0x0000000002021058       0x70 /opt/devkitpro/libnds/lib/libnds9.a(console.o)
 .rodata.SIN_LUT
                0x00000000020210c8      0x102 /opt/devkitpro/libnds/lib/libnds9.a(trig.o)
                0x00000000020210c8                SIN_LUT
 *fill*         0x00000000020211ca       0x16 ff
 .rodata.default_font_bin
                0x00000000020211e0     0x2000 /opt/devkitpro/libnds/lib/libnds9.a(default_font.bin.o)
                0x00000000020211e0                default_font_bin
                0x00000000020231e0                default_font_bin_end
 .rodata._global_impure_ptr
                0x00000000020231e0        0x4 /opt/devkitpro/devkitARM/bin/../lib/gcc/arm-none-eabi/10.2.0/../../../../arm-none-eabi/lib/libg.a(lib_a-impure.o)
                0x00000000020231e0                _global_impure_ptr
 .rodata.basefix.0
                0x00000000020231e4       0x22 /opt/devkitpro/devkitARM/bin/../lib/gcc/arm-none-eabi/10.2.0/../../../../arm-none-eabi/lib/libg.a(lib_a-svfiscanf.o)
 .rodata._vfiprintf_r.str1.1
                0x0000000002023206       0x29 /opt/devkitpro/devkitARM/bin/../lib/gcc/arm-none-eabi/10.2.0/../../../../arm-none-eabi/lib/libg.a(lib_a-vfiprintf.o)
 *fill*         0x000000000202322f        0x1 ff
 .rodata.blanks.1
                0x0000000002023230       0x10 /opt/devkitpro/devkitARM/bin/../lib/gcc/arm-none-eabi/10.2.0/../../../../arm-none-eabi/lib/libg.a(lib_a-vfiprintf.o)
 .rodata.zeroes.0
                0x0000000002023240       0x10 /opt/devkitpro/devkitARM/bin/../lib/gcc/arm-none-eabi/10.2.0/../../../../arm-none-eabi/lib/libg.a(lib_a-vfiprintf.o)
 .rodata._vfprintf_r.str1.1
                0x0000000002023250       0x12 /opt/devkitpro/devkitARM/bin/../lib/gcc/arm-none-eabi/10.2.0/../../../../arm-none-eabi/lib/libg.a(lib_a-vfprintf.o)
                                         0x3b (size before relaxing)
 *fill*         0x0000000002023262        0x2 ff
 .rodata.blanks.1
                0x0000000002023264       0x10 /opt/devkitpro/devkitARM/bin/../lib/gcc/arm-none-eabi/10.2.0/../../../../arm-none-eabi/lib/libg.a(lib_a-vfprintf.o)
 .rodata.zeroes.0
                0x0000000002023274       0x10 /opt/devkitpro/devkitARM/bin/../lib/gcc/arm-none-eabi/10.2.0/../../../../arm-none-eabi/lib/libg.a(lib_a-vfprintf.o)
 .rodata._ctype_
                0x0000000002023284      0x101 /opt/devkitpro/devkitARM/bin/../lib/gcc/arm-none-eabi/10.2.0/../../../../arm-none-eabi/lib/libg.a(lib_a-ctype_.o)
                0x0000000002023284                _ctype_
 *fill*         0x0000000002023385        0x3 ff
 .rodata._dtoa_r.str1.4
                0x0000000002023388       0x61 /opt/devkitpro/devkitARM/bin/../lib/gcc/arm-none-eabi/10.2.0/../../../../arm-none-eabi/lib/libg.a(lib_a-dtoa.o)
 *fill*         0x00000000020233e9        0x3 ff
 .rodata.str1.4
                0x00000000020233ec       0x48 /opt/devkitpro/devkitARM/bin/../lib/gcc/arm-none-eabi/10.2.0/../../../../arm-none-eabi/lib/libg.a(lib_a-locale.o)
                                         0x4c (size before relaxing)
 .rodata._mbrtowc_r.str1.4
                0x0000000002023434        0x1 /opt/devkitpro/devkitARM/bin/../lib/gcc/arm-none-eabi/10.2.0/../../../../arm-none-eabi/lib/libg.a(lib_a-mbrtowc.o)
 .rodata.__multadd.str1.4
                0x0000000002023434       0x3a /opt/devkitpro/devkitARM/bin/../lib/gcc/arm-none-eabi/10.2.0/../../../../arm-none-eabi/lib/libg.a(lib_a-mprec.o)
                                         0x4e (size before relaxing)
 *fill*         0x000000000202346e        0x2 ff
 .rodata.__mprec_bigtens
                0x0000000002023470       0x28 /opt/devkitpro/devkitARM/bin/../lib/gcc/arm-none-eabi/10.2.0/../../../../arm-none-eabi/lib/libg.a(lib_a-mprec.o)
                0x0000000002023470                __mprec_bigtens
 .rodata.__mprec_tens
                0x0000000002023498       0xc8 /opt/devkitpro/devkitARM/bin/../lib/gcc/arm-none-eabi/10.2.0/../../../../arm-none-eabi/lib/libg.a(lib_a-mprec.o)
                0x0000000002023498                __mprec_tens
 .rodata.p05.0  0x0000000002023560        0xc /opt/devkitpro/devkitARM/bin/../lib/gcc/arm-none-eabi/10.2.0/../../../../arm-none-eabi/lib/libg.a(lib_a-mprec.o)
 .rodata.__action_table
                0x000000000202356c       0x6c /opt/devkitpro/devkitARM/bin/../lib/gcc/arm-none-eabi/10.2.0/../../../../arm-none-eabi/lib/libg.a(lib_a-svfiprintf.o)
                0x000000000202356c                __action_table
 .rodata.__chclass
                0x00000000020235d8      0x100 /opt/devkitpro/devkitARM/bin/../lib/gcc/arm-none-eabi/10.2.0/../../../../arm-none-eabi/lib/libg.a(lib_a-svfiprintf.o)
                0x00000000020235d8                __chclass
 .rodata.__state_table
                0x00000000020236d8       0x6c /opt/devkitpro/devkitARM/bin/../lib/gcc/arm-none-eabi/10.2.0/../../../../arm-none-eabi/lib/libg.a(lib_a-svfiprintf.o)
                0x00000000020236d8                __state_table
 .rodata.__assert_func.str1.4
                0x0000000002023744       0x3f /opt/devkitpro/devkitARM/bin/../lib/gcc/arm-none-eabi/10.2.0/../../../../arm-none-eabi/lib/libg.a(lib_a-assert.o)
                                         0x43 (size before relaxing)
 *fill*         0x0000000002023783        0x1 ff
 .rodata._jp2uc_l.str1.4
                0x0000000002023784       0x12 /opt/devkitpro/devkitARM/bin/../lib/gcc/arm-none-eabi/10.2.0/../../../../arm-none-eabi/lib/libg.a(lib_a-jp2uc.o)
 *fill*         0x0000000002023796        0x2 ff
 .rodata.a1     0x0000000002023798       0xbc /opt/devkitpro/devkitARM/bin/../lib/gcc/arm-none-eabi/10.2.0/../../../../arm-none-eabi/lib/libg.a(lib_a-jp2uc.o)
 .rodata.a2     0x0000000002023854       0xbc /opt/devkitpro/devkitARM/bin/../lib/gcc/arm-none-eabi/10.2.0/../../../../arm-none-eabi/lib/libg.a(lib_a-jp2uc.o)
 .rodata.a3     0x0000000002023910       0x5b /opt/devkitpro/devkitARM/bin/../lib/gcc/arm-none-eabi/10.2.0/../../../../arm-none-eabi/lib/libg.a(lib_a-jp2uc.o)
 *fill*         0x000000000202396b        0x1 ff
 .rodata.a6     0x000000000202396c       0x70 /opt/devkitpro/devkitARM/bin/../lib/gcc/arm-none-eabi/10.2.0/../../../../arm-none-eabi/lib/libg.a(lib_a-jp2uc.o)
 .rodata.a7     0x00000000020239dc       0xa2 /opt/devkitpro/devkitARM/bin/../lib/gcc/arm-none-eabi/10.2.0/../../../../arm-none-eabi/lib/libg.a(lib_a-jp2uc.o)
 *fill*         0x0000000002023a7e        0x2 ff
 .rodata.a8     0x0000000002023a80       0x40 /opt/devkitpro/devkitARM/bin/../lib/gcc/arm-none-eabi/10.2.0/../../../../arm-none-eabi/lib/libg.a(lib_a-jp2uc.o)
 .rodata.b02cf  0x0000000002023ac0     0x172a /opt/devkitpro/devkitARM/bin/../lib/gcc/arm-none-eabi/10.2.0/../../../../arm-none-eabi/lib/libg.a(lib_a-jp2uc.o)
 *fill*         0x00000000020251ea        0x2 ff
 .rodata.d02f4  0x00000000020251ec     0x1a7c /opt/devkitpro/devkitARM/bin/../lib/gcc/arm-none-eabi/10.2.0/../../../../arm-none-eabi/lib/libg.a(lib_a-jp2uc.o)
 .rodata.categories
                0x0000000002026c68     0x31e6 /opt/devkitpro/devkitARM/bin/../lib/gcc/arm-none-eabi/10.2.0/../../../../arm-none-eabi/lib/libg.a(lib_a-categories.o)
 *fill*         0x0000000002029e4e        0x2 ff
 .rodata.AddDevice.str1.4
                0x0000000002029e50        0x8 /opt/devkitpro/devkitARM/bin/../lib/gcc/arm-none-eabi/10.2.0/../../../../arm-none-eabi/lib/libsysbase.a(iosupport.o)
 .rodata.dotab_stdnull
                0x0000000002029e58       0x70 /opt/devkitpro/devkitARM/bin/../lib/gcc/arm-none-eabi/10.2.0/../../../../arm-none-eabi/lib/libsysbase.a(iosupport.o)
                0x0000000002029e58                dotab_stdnull
 *(EXCLUDE_FILE(*.twl*) .gnu.linkonce.r*)
                0x0000000002029ec8                . = ALIGN (0x4)

.ARM.extab
 *(.ARM.extab* .gnu.linkonce.armextab.*)
                0x0000000002029ec8                __exidx_start = .

ARM.exidx
 *(.ARM.exidx* .gnu.linkonce.armexidx.*)
                0x0000000002029ec8                __exidx_end = .
                0x0000000002029ec8                . = ALIGN (0x4)
                0x0000000002029ec8                PROVIDE (__preinit_array_start = .)

.preinit_array
 *(.preinit_array)
                0x0000000002029ec8                PROVIDE (__preinit_array_end = .)
                0x0000000002029ec8                PROVIDE (__init_array_start = .)

.init_array     0x0000000002029ec8        0x4
 *(SORT_BY_NAME(.init_array.*))
 *(.init_array)
 .init_array    0x0000000002029ec8        0x4 /opt/devkitpro/devkitARM/bin/../lib/gcc/arm-none-eabi/10.2.0/crtbegin.o
                0x0000000002029ecc                PROVIDE (__init_array_end = .)
                [!provide]                        PROVIDE (__fini_array_start = .)

.fini_array     0x0000000002029ecc        0x4
 *(.fini_array)
 .fini_array    0x0000000002029ecc        0x4 /opt/devkitpro/devkitARM/bin/../lib/gcc/arm-none-eabi/10.2.0/crtbegin.o
 *(SORT_BY_NAME(.fini_array.*))
                [!provide]                        PROVIDE (__fini_array_end = .)

.ctors          0x0000000002029ed0        0x0
 *crtbegin.o(.ctors)
 *(EXCLUDE_FILE(*crtend.o) .ctors)
 *(SORT_BY_NAME(.ctors.*))
 *(.ctors)
                0x0000000002029ed0                . = ALIGN (0x4)

.dtors          0x0000000002029ed0        0x0
 *crtbegin.o(.dtors)
 *(EXCLUDE_FILE(*crtend.o) .dtors)
 *(SORT_BY_NAME(.dtors.*))
 *(.dtors)
                0x0000000002029ed0                . = ALIGN (0x4)

.eh_frame       0x0000000002029ed0        0x4
 *(.eh_frame)
 .eh_frame      0x0000000002029ed0        0x0 /opt/devkitpro/devkitARM/bin/../lib/gcc/arm-none-eabi/10.2.0/crtbegin.o
 .eh_frame      0x0000000002029ed0        0x4 /opt/devkitpro/devkitARM/bin/../lib/gcc/arm-none-eabi/10.2.0/crtend.o
                0x0000000002029ed4                . = ALIGN (0x4)

.rel.dyn        0x0000000002029ed4        0x0
 .rel.iplt      0x0000000002029ed4        0x0 /opt/devkitpro/devkitARM/bin/../lib/gcc/arm-none-eabi/10.2.0/../../../../arm-none-eabi/lib/ds_arm9_crt0.o

.gcc_except_table
                0x0000000002029ed4        0x0
 *(.gcc_except_table)
                0x0000000002029ed4                . = ALIGN (0x4)

.jcr
 *(.jcr)

.got
 *(.got.plt)
 *(.got)
 *(.rel.got)

.ewram          0x0000000002029ed4        0x0
                0x0000000002029ed4                __ewram_start = ABSOLUTE (.)
 *(.ewram)
 *ewram.*(.text)
                0x0000000002029ed4                . = ALIGN (0x4)

.data           0x0000000002029ed4     0x1bd4
                0x0000000002029ed4                __data_start = ABSOLUTE (.)
 *(EXCLUDE_FILE(*.twl*) .data)
 .data          0x0000000002029ed4       0x28 /opt/devkitpro/libnds/lib/libnds9.a(mpu_setup.o)
 *(EXCLUDE_FILE(*.twl*) .data.*)
 .data.bgControl
                0x0000000002029efc       0x20 /opt/devkitpro/libnds/lib/libnds9.a(background.o)
                0x0000000002029efc                bgControl
 .data.bgScrollTable
                0x0000000002029f1c       0x20 /opt/devkitpro/libnds/lib/libnds9.a(background.o)
                0x0000000002029f1c                bgScrollTable
 .data.bgTransform
                0x0000000002029f3c       0x20 /opt/devkitpro/libnds/lib/libnds9.a(background.o)
                0x0000000002029f3c                bgTransform
 .data.currentConsole
                0x0000000002029f5c        0x4 /opt/devkitpro/libnds/lib/libnds9.a(console.o)
                0x0000000002029f5c                currentConsole
 .data.defaultConsole
                0x0000000002029f60       0x5c /opt/devkitpro/libnds/lib/libnds9.a(console.o)
                0x0000000002029f60                defaultConsole
 .data.firstConsoleInit.0
                0x0000000002029fbc        0x1 /opt/devkitpro/libnds/lib/libnds9.a(console.o)
 *fill*         0x0000000002029fbd        0x3 ff
 .data.oamMain  0x0000000002029fc0       0x18 /opt/devkitpro/libnds/lib/libnds9.a(sprite.o)
                0x0000000002029fc0                oamMain
 .data.count    0x0000000002029fd8        0x1 /opt/devkitpro/libnds/lib/libnds9.a(keys.o)
 .data.delay    0x0000000002029fd9        0x1 /opt/devkitpro/libnds/lib/libnds9.a(keys.o)
 .data.repeat   0x0000000002029fda        0x1 /opt/devkitpro/libnds/lib/libnds9.a(keys.o)
 *fill*         0x0000000002029fdb        0x1 ff
 .data.fifo_buffer_free
                0x0000000002029fdc        0x4 /opt/devkitpro/libnds/lib/libnds9.a(fifosystem.o)
                0x0000000002029fdc                fifo_buffer_free
 .data.fifo_freewords
                0x0000000002029fe0        0x4 /opt/devkitpro/libnds/lib/libnds9.a(fifosystem.o)
                0x0000000002029fe0                fifo_freewords
 .data.fifo_receive_queue
                0x0000000002029fe4        0x4 /opt/devkitpro/libnds/lib/libnds9.a(fifosystem.o)
                0x0000000002029fe4                fifo_receive_queue
 .data.fifo_send_queue
                0x0000000002029fe8        0x4 /opt/devkitpro/libnds/lib/libnds9.a(fifosystem.o)
                0x0000000002029fe8                fifo_send_queue
 .data.__sfp_recursive_mutex
                0x0000000002029fec        0xc /opt/devkitpro/devkitARM/bin/../lib/gcc/arm-none-eabi/10.2.0/../../../../arm-none-eabi/lib/libg.a(lib_a-findfp.o)
 .data.__sinit_recursive_mutex
                0x0000000002029ff8        0xc /opt/devkitpro/devkitARM/bin/../lib/gcc/arm-none-eabi/10.2.0/../../../../arm-none-eabi/lib/libg.a(lib_a-findfp.o)
 .data._impure_ptr
                0x000000000202a004        0x4 /opt/devkitpro/devkitARM/bin/../lib/gcc/arm-none-eabi/10.2.0/../../../../arm-none-eabi/lib/libg.a(lib_a-impure.o)
                0x000000000202a004                _impure_ptr
 .data.impure_data
                0x000000000202a008      0x460 /opt/devkitpro/devkitARM/bin/../lib/gcc/arm-none-eabi/10.2.0/../../../../arm-none-eabi/lib/libg.a(lib_a-impure.o)
 .data.__malloc_av_
                0x000000000202a468      0x408 /opt/devkitpro/devkitARM/bin/../lib/gcc/arm-none-eabi/10.2.0/../../../../arm-none-eabi/lib/libg.a(lib_a-mallocr.o)
                0x000000000202a468                __malloc_av_
 .data.__malloc_sbrk_base
                0x000000000202a870        0x4 /opt/devkitpro/devkitARM/bin/../lib/gcc/arm-none-eabi/10.2.0/../../../../arm-none-eabi/lib/libg.a(lib_a-mallocr.o)
                0x000000000202a870                __malloc_sbrk_base
 .data.__malloc_trim_threshold
                0x000000000202a874        0x4 /opt/devkitpro/devkitARM/bin/../lib/gcc/arm-none-eabi/10.2.0/../../../../arm-none-eabi/lib/libg.a(lib_a-mallocr.o)
                0x000000000202a874                __malloc_trim_threshold
 .data.__malloc_recursive_mutex
                0x000000000202a878        0xc /opt/devkitpro/devkitARM/bin/../lib/gcc/arm-none-eabi/10.2.0/../../../../arm-none-eabi/lib/libg.a(lib_a-mlock.o)
 .data.__global_locale
                0x000000000202a884      0x16c /opt/devkitpro/devkitARM/bin/../lib/gcc/arm-none-eabi/10.2.0/../../../../arm-none-eabi/lib/libg.a(lib_a-locale.o)
                0x000000000202a884                __global_locale
 .data.defaultDevice
                0x000000000202a9f0        0x4 /opt/devkitpro/devkitARM/bin/../lib/gcc/arm-none-eabi/10.2.0/../../../../arm-none-eabi/lib/libsysbase.a(iosupport.o)
 .data.devoptab_list
                0x000000000202a9f4       0x8c /opt/devkitpro/devkitARM/bin/../lib/gcc/arm-none-eabi/10.2.0/../../../../arm-none-eabi/lib/libsysbase.a(iosupport.o)
                0x000000000202a9f4                devoptab_list
 .data.__hndl_lock
                0x000000000202aa80        0x4 /opt/devkitpro/devkitARM/bin/../lib/gcc/arm-none-eabi/10.2.0/../../../../arm-none-eabi/lib/libsysbase.a(handle_manager.o)
 .data.__stderr_handle
                0x000000000202aa84        0xc /opt/devkitpro/devkitARM/bin/../lib/gcc/arm-none-eabi/10.2.0/../../../../arm-none-eabi/lib/libsysbase.a(handle_manager.o)
 .data.__stdin_handle
                0x000000000202aa90        0xc /opt/devkitpro/devkitARM/bin/../lib/gcc/arm-none-eabi/10.2.0/../../../../arm-none-eabi/lib/libsysbase.a(handle_manager.o)
 .data.__stdout_handle
                0x000000000202aa9c        0xc /opt/devkitpro/devkitARM/bin/../lib/gcc/arm-none-eabi/10.2.0/../../../../arm-none-eabi/lib/libsysbase.a(handle_manager.o)
 .data.handles  0x000000000202aaa8     0x1000 /opt/devkitpro/devkitARM/bin/../lib/gcc/arm-none-eabi/10.2.0/../../../../arm-none-eabi/lib/libsysbase.a(handle_manager.o)
 *(EXCLUDE_FILE(*.twl*) .gnu.linkonce.d*)
                0x000000000202baa8                . = ALIGN (0x4)
                0x000000000202baa8                __data_end = ABSOLUTE (.)
                0x000000000202baa8                __bss_vma = .

.igot.plt       0x000000000202baa8        0x0
 .igot.plt      0x000000000202baa8        0x0 /opt/devkitpro/devkitARM/bin/../lib/gcc/arm-none-eabi/10.2.0/../../../../arm-none-eabi/lib/ds_arm9_crt0.o

.dtcm           0x0000000002ff0000        0x0 load address 0x000000000202baa8
                0x000000000202baa8                __dtcm_lma = LOADADDR (.dtcm)
                0x0000000002ff0000                __dtcm_start = ABSOLUTE (.)
 *(.dtcm)
 *(.dtcm.*)
                0x0000000002ff0000                . = ALIGN (0x4)
                0x0000000002ff0000                __dtcm_end = ABSOLUTE (.)

.itcm           0x0000000001000100      0x194 load address 0x000000000202baa8
                0x000000000202baa8                __itcm_lma = LOADADDR (.itcm)
                0x0000000001000100                __itcm_start = ABSOLUTE (.)
 *(.itcm)
 .itcm          0x0000000001000100       0xc8 /opt/devkitpro/libnds/lib/libnds9.a(interrupts.o)
                0x0000000001000100                irqTable
 .itcm          0x00000000010001c8       0xcc /opt/devkitpro/libnds/lib/libnds9.a(interruptDispatcher.o)
                0x00000000010001c8                IntrMain
 *.itcm*(.text .stub .text.*)
                0x0000000001000294                . = ALIGN (0x4)
                0x0000000001000294                __itcm_end = ABSOLUTE (.)

.vectors        0x0000000001000000        0x0 load address 0x000000000202bc3c
                0x000000000202bc3c                __vectors_lma = LOADADDR (.vectors)
                0x0000000001000000                __vectors_start = ABSOLUTE (.)
 *(.vectors .vectors.*)
                0x0000000001000000                . = ALIGN (0x4)
                0x0000000001000000                __vectors_end = ABSOLUTE (.)

.sbss           0x0000000002ff0000        0x0
                0x0000000002ff0000                __sbss_start = ABSOLUTE (.)
                0x0000000002ff0000                __sbss_start__ = ABSOLUTE (.)
 *(.sbss)
                0x0000000002ff0000                . = ALIGN (0x4)
                0x0000000002ff0000                __sbss_end = ABSOLUTE (.)

.bss            0x000000000202baa8     0x10b0
                0x000000000202baa8                __bss_start = ABSOLUTE (.)
                0x000000000202baa8                __bss_start__ = ABSOLUTE (.)
 *(EXCLUDE_FILE(*.twl*) .dynbss)
 *(EXCLUDE_FILE(*.twl*) .gnu.linkonce.b*)
 *(EXCLUDE_FILE(*.twl*) .bss*)
 .bss.completed.1
                0x000000000202baa8        0x1 /opt/devkitpro/devkitARM/bin/../lib/gcc/arm-none-eabi/10.2.0/crtbegin.o
 *fill*         0x000000000202baa9        0x3 
 .bss.object.0  0x000000000202baac       0x18 /opt/devkitpro/devkitARM/bin/../lib/gcc/arm-none-eabi/10.2.0/crtbegin.o
 .bss           0x000000000202bac4        0xc lin.o
                0x000000000202bac4                top_bg
                0x000000000202bac8                sub_bg
                0x000000000202bacc                cursor_gfx
 .bss.bgIsTextLut
                0x000000000202bad0        0x8 /opt/devkitpro/libnds/lib/libnds9.a(background.o)
                0x000000000202bad0                bgIsTextLut
 .bss.bgState   0x000000000202bad8      0x140 /opt/devkitpro/libnds/lib/libnds9.a(background.o)
                0x000000000202bad8                bgState
 .bss.currentCopy
                0x000000000202bc18       0x5c /opt/devkitpro/libnds/lib/libnds9.a(console.o)
                0x000000000202bc18                currentCopy
 .bss.OamMemory
                0x000000000202bc74      0x400 /opt/devkitpro/libnds/lib/libnds9.a(sprite.o)
                0x000000000202bc74                OamMemory
 .bss.keys      0x000000000202c074        0x2 /opt/devkitpro/libnds/lib/libnds9.a(keys.o)
 .bss.keysold   0x000000000202c076        0x2 /opt/devkitpro/libnds/lib/libnds9.a(keys.o)
 .bss.keysrepeat
                0x000000000202c078        0x2 /opt/devkitpro/libnds/lib/libnds9.a(keys.o)
 .bss.__dsimode
                0x000000000202c07a        0x1 /opt/devkitpro/libnds/lib/libnds9.a(initSystem.o)
                0x000000000202c07a                __dsimode
 *fill*         0x000000000202c07b        0x1 
 .bss.punixTime
                0x000000000202c07c        0x4 /opt/devkitpro/libnds/lib/libnds9.a(timeSupport.o)
                0x000000000202c07c                punixTime
 .bss.elapsed   0x000000000202c080        0x8 /opt/devkitpro/libnds/lib/libnds9.a(timers.o)
                0x000000000202c080                elapsed
 .bss.fifo_address_data
                0x000000000202c088       0x40 /opt/devkitpro/libnds/lib/libnds9.a(fifosystem.o)
                0x000000000202c088                fifo_address_data
 .bss.fifo_address_func
                0x000000000202c0c8       0x40 /opt/devkitpro/libnds/lib/libnds9.a(fifosystem.o)
                0x000000000202c0c8                fifo_address_func
 .bss.fifo_address_queue
                0x000000000202c108       0x40 /opt/devkitpro/libnds/lib/libnds9.a(fifosystem.o)
                0x000000000202c108                fifo_address_queue
 .bss.fifo_buffer
                0x000000000202c148      0x800 /opt/devkitpro/libnds/lib/libnds9.a(fifosystem.o)
                0x000000000202c148                fifo_buffer
 .bss.fifo_data_queue
                0x000000000202c948       0x40 /opt/devkitpro/libnds/lib/libnds9.a(fifosystem.o)
                0x000000000202c948                fifo_data_queue
 .bss.fifo_datamsg_data
                0x000000000202c988       0x40 /opt/devkitpro/libnds/lib/libnds9.a(fifosystem.o)
                0x000000000202c988                fifo_datamsg_data
 .bss.fifo_datamsg_func
                0x000000000202c9c8       0x40 /opt/devkitpro/libnds/lib/libnds9.a(fifosystem.o)
                0x000000000202c9c8                fifo_datamsg_func
 .bss.fifo_value32_data
                0x000000000202ca08       0x40 /opt/devkitpro/libnds/lib/libnds9.a(fifosystem.o)
                0x000000000202ca08                fifo_value32_data
 .bss.fifo_value32_func
                0x000000000202ca48       0x40 /opt/devkitpro/libnds/lib/libnds9.a(fifosystem.o)
                0x000000000202ca48                fifo_value32_func
 .bss.fifo_value32_queue
                0x000000000202ca88       0x40 /opt/devkitpro/libnds/lib/libnds9.a(fifosystem.o)
                0x000000000202ca88                fifo_value32_queue
 .bss.processing
                0x000000000202cac8        0x4 /opt/devkitpro/libnds/lib/libnds9.a(fifosystem.o)
                0x000000000202cac8                processing
 .bss.SDcallback
                0x000000000202cacc        0x4 /opt/devkitpro/libnds/lib/libnds9.a(system.o)
 .bss.__malloc_current_mallinfo
                0x000000000202cad0       0x28 /opt/devkitpro/devkitARM/bin/../lib/gcc/arm-none-eabi/10.2.0/../../../../arm-none-eabi/lib/libg.a(lib_a-mallocr.o)
                0x000000000202cad0                __malloc_current_mallinfo
 .bss.__malloc_max_sbrked_mem
                0x000000000202caf8        0x4 /opt/devkitpro/devkitARM/bin/../lib/gcc/arm-none-eabi/10.2.0/../../../../arm-none-eabi/lib/libg.a(lib_a-mallocr.o)
                0x000000000202caf8                __malloc_max_sbrked_mem
 .bss.__malloc_max_total_mem
                0x000000000202cafc        0x4 /opt/devkitpro/devkitARM/bin/../lib/gcc/arm-none-eabi/10.2.0/../../../../arm-none-eabi/lib/libg.a(lib_a-mallocr.o)
                0x000000000202cafc                __malloc_max_total_mem
 .bss.__malloc_top_pad
                0x000000000202cb00        0x4 /opt/devkitpro/devkitARM/bin/../lib/gcc/arm-none-eabi/10.2.0/../../../../arm-none-eabi/lib/libg.a(lib_a-mallocr.o)
                0x000000000202cb00                __malloc_top_pad
 .bss.heap_start.0
                0x000000000202cb04        0x4 /opt/devkitpro/devkitARM/bin/../lib/gcc/arm-none-eabi/10.2.0/../../../../arm-none-eabi/lib/libsysbase.a(sbrk.o)
 .bss.fake_heap_end
                0x000000000202cb08        0x4 /opt/devkitpro/devkitARM/bin/../lib/gcc/arm-none-eabi/10.2.0/../../../../arm-none-eabi/lib/libsysbase.a(malloc_vars.o)
                0x000000000202cb08                fake_heap_end
 .bss.fake_heap_start
                0x000000000202cb0c        0x4 /opt/devkitpro/devkitARM/bin/../lib/gcc/arm-none-eabi/10.2.0/../../../../arm-none-eabi/lib/libsysbase.a(malloc_vars.o)
                0x000000000202cb0c                fake_heap_start
 .bss.__syscalls
                0x000000000202cb10       0x48 /opt/devkitpro/devkitARM/bin/../lib/gcc/arm-none-eabi/10.2.0/../../../../arm-none-eabi/lib/libsysbase.a(syscall_support.o)
                0x000000000202cb10                __syscalls
 *(EXCLUDE_FILE(*.twl*) COMMON)
                0x000000000202cb58                . = ALIGN (0x4)
                0x000000000202cb58                __bss_end__ = ABSOLUTE (.)
                0x000000000202cb58                __end__ = ABSOLUTE (.)

.twl            0x000000000202cb58        0x0 load address 0x0000000002400000
                0x0000000002400000                __arm9i_lma__ = LOADADDR (.twl)
                0x000000000202cb58                __arm9i_start__ = ABSOLUTE (.)
 *(.twl)
 *.twl*(.text .stub .text.* .gnu.linkonce.t.*)
 *.twl*(.rodata)
 *.twl*(.roda)
 *.twl*(.rodata.*)
 *.twl*(.data)
 *.twl*(.data.*)
 *.twl*(.gnu.linkonce.d*)
                0x000000000202cb58                __arm9i_end__ = ABSOLUTE (.)

.twl_bss        0x000000000202cb58        0x0
                0x000000000202cb58                __twl_bss_start__ = ABSOLUTE (.)
 *(.twl_bss)
 *.twl*(.dynbss)
 *.twl*(.gnu.linkonce.b*)
 *.twl*(.bss*)
 *.twl*(COMMON)
                0x000000000202cb58                . = ALIGN (0x4)
                0x000000000202cb58                __twl_bss_end__ = ABSOLUTE (.)
                0x000000000202cb58                __twl_end__ = ABSOLUTE (.)

.stab
 *(.stab)

.stabstr
 *(.stabstr)

.stab.excl
 *(.stab.excl)

.stab.exclstr
 *(.stab.exclstr)

.stab.index
 *(.stab.index)

.stab.indexstr
 *(.stab.indexstr)

.comment        0x0000000000000000       0x23
 *(.comment)
 .comment       0x0000000000000000       0x23 /opt/devkitpro/devkitARM/bin/../lib/gcc/arm-none-eabi/10.2.0/crtbegin.o
                                         0x24 (size before relaxing)
 .comment       0x0000000000000023       0x24 lin.o
 .comment       0x0000000000000023       0x24 /opt/devkitpro/libnds/lib/libnds9.a(background.o)
 .comment       0x0000000000000023       0x24 /opt/devkitpro/libnds/lib/libnds9.a(touch.o)
 .comment       0x0000000000000023       0x24 /opt/devkitpro/libnds/lib/libnds9.a(sassert.o)
 .comment       0x0000000000000023       0x24 /opt/devkitpro/libnds/lib/libnds9.a(sprite_alloc.o)
 .comment       0x0000000000000023       0x24 /opt/devkitpro/libnds/lib/libnds9.a(console.o)
 .comment       0x0000000000000023       0x24 /opt/devkitpro/libnds/lib/libnds9.a(trig.o)
 .comment       0x0000000000000023       0x24 /opt/devkitpro/libnds/lib/libnds9.a(sprite.o)
 .comment       0x0000000000000023       0x24 /opt/devkitpro/libnds/lib/libnds9.a(keys.o)
 .comment       0x0000000000000023       0x24 /opt/devkitpro/libnds/lib/libnds9.a(initSystem.o)
 .comment       0x0000000000000023       0x24 /opt/devkitpro/libnds/lib/libnds9.a(timeSupport.o)
 .comment       0x0000000000000023       0x24 /opt/devkitpro/libnds/lib/libnds9.a(securearea.o)
 .comment       0x0000000000000023       0x24 /opt/devkitpro/libnds/lib/libnds9.a(timers.o)
 .comment       0x0000000000000023       0x24 /opt/devkitpro/libnds/lib/libnds9.a(interrupts.o)
 .comment       0x0000000000000023       0x24 /opt/devkitpro/libnds/lib/libnds9.a(libnds_exit.arm.o)
 .comment       0x0000000000000023       0x24 /opt/devkitpro/libnds/lib/libnds9.a(fifosystem.o)
 .comment       0x0000000000000023       0x24 /opt/devkitpro/libnds/lib/libnds9.a(video.o)
 .comment       0x0000000000000023       0x24 /opt/devkitpro/libnds/lib/libnds9.a(system.o)
 .comment       0x0000000000000023       0x24 /opt/devkitpro/devkitARM/bin/../lib/gcc/arm-none-eabi/10.2.0/../../../../arm-none-eabi/lib/libg.a(lib_a-fclose.o)
 .comment       0x0000000000000023       0x24 /opt/devkitpro/devkitARM/bin/../lib/gcc/arm-none-eabi/10.2.0/../../../../arm-none-eabi/lib/libg.a(lib_a-fflush.o)
 .comment       0x0000000000000023       0x24 /opt/devkitpro/devkitARM/bin/../lib/gcc/arm-none-eabi/10.2.0/../../../../arm-none-eabi/lib/libg.a(lib_a-findfp.o)
 .comment       0x0000000000000023       0x24 /opt/devkitpro/devkitARM/bin/../lib/gcc/arm-none-eabi/10.2.0/../../../../arm-none-eabi/lib/libg.a(lib_a-fopen.o)
 .comment       0x0000000000000023       0x24 /opt/devkitpro/devkitARM/bin/../lib/gcc/arm-none-eabi/10.2.0/../../../../arm-none-eabi/lib/libg.a(lib_a-fprintf.o)
 .comment       0x0000000000000023       0x24 /opt/devkitpro/devkitARM/bin/../lib/gcc/arm-none-eabi/10.2.0/../../../../arm-none-eabi/lib/libg.a(lib_a-fread.o)
 .comment       0x0000000000000023       0x24 /opt/devkitpro/devkitARM/bin/../lib/gcc/arm-none-eabi/10.2.0/../../../../arm-none-eabi/lib/libg.a(lib_a-freer.o)
 .comment       0x0000000000000023       0x24 /opt/devkitpro/devkitARM/bin/../lib/gcc/arm-none-eabi/10.2.0/../../../../arm-none-eabi/lib/libg.a(lib_a-fseek.o)
 .comment       0x0000000000000023       0x24 /opt/devkitpro/devkitARM/bin/../lib/gcc/arm-none-eabi/10.2.0/../../../../arm-none-eabi/lib/libg.a(lib_a-fseeko.o)
 .comment       0x0000000000000023       0x24 /opt/devkitpro/devkitARM/bin/../lib/gcc/arm-none-eabi/10.2.0/../../../../arm-none-eabi/lib/libg.a(lib_a-ftell.o)
 .comment       0x0000000000000023       0x24 /opt/devkitpro/devkitARM/bin/../lib/gcc/arm-none-eabi/10.2.0/../../../../arm-none-eabi/lib/libg.a(lib_a-ftello.o)
 .comment       0x0000000000000023       0x24 /opt/devkitpro/devkitARM/bin/../lib/gcc/arm-none-eabi/10.2.0/../../../../arm-none-eabi/lib/libg.a(lib_a-fwalk.o)
 .comment       0x0000000000000023       0x24 /opt/devkitpro/devkitARM/bin/../lib/gcc/arm-none-eabi/10.2.0/../../../../arm-none-eabi/lib/libg.a(lib_a-fwrite.o)
 .comment       0x0000000000000023       0x24 /opt/devkitpro/devkitARM/bin/../lib/gcc/arm-none-eabi/10.2.0/../../../../arm-none-eabi/lib/libg.a(lib_a-impure.o)
 .comment       0x0000000000000023       0x24 /opt/devkitpro/devkitARM/bin/../lib/gcc/arm-none-eabi/10.2.0/../../../../arm-none-eabi/lib/libg.a(lib_a-init.o)
 .comment       0x0000000000000023       0x24 /opt/devkitpro/devkitARM/bin/../lib/gcc/arm-none-eabi/10.2.0/../../../../arm-none-eabi/lib/libg.a(lib_a-iprintf.o)
 .comment       0x0000000000000023       0x24 /opt/devkitpro/devkitARM/bin/../lib/gcc/arm-none-eabi/10.2.0/../../../../arm-none-eabi/lib/libg.a(lib_a-makebuf.o)
 .comment       0x0000000000000023       0x24 /opt/devkitpro/devkitARM/bin/../lib/gcc/arm-none-eabi/10.2.0/../../../../arm-none-eabi/lib/libg.a(lib_a-malloc.o)
 .comment       0x0000000000000023       0x24 /opt/devkitpro/devkitARM/bin/../lib/gcc/arm-none-eabi/10.2.0/../../../../arm-none-eabi/lib/libg.a(lib_a-mallocr.o)
 .comment       0x0000000000000023       0x24 /opt/devkitpro/devkitARM/bin/../lib/gcc/arm-none-eabi/10.2.0/../../../../arm-none-eabi/lib/libg.a(lib_a-memcpy-stub.o)
 .comment       0x0000000000000023       0x24 /opt/devkitpro/devkitARM/bin/../lib/gcc/arm-none-eabi/10.2.0/../../../../arm-none-eabi/lib/libg.a(lib_a-memset.o)
 .comment       0x0000000000000023       0x24 /opt/devkitpro/devkitARM/bin/../lib/gcc/arm-none-eabi/10.2.0/../../../../arm-none-eabi/lib/libg.a(lib_a-mlock.o)
 .comment       0x0000000000000023       0x24 /opt/devkitpro/devkitARM/bin/../lib/gcc/arm-none-eabi/10.2.0/../../../../arm-none-eabi/lib/libg.a(lib_a-realloc.o)
 .comment       0x0000000000000023       0x24 /opt/devkitpro/devkitARM/bin/../lib/gcc/arm-none-eabi/10.2.0/../../../../arm-none-eabi/lib/libg.a(lib_a-reallocr.o)
 .comment       0x0000000000000023       0x24 /opt/devkitpro/devkitARM/bin/../lib/gcc/arm-none-eabi/10.2.0/../../../../arm-none-eabi/lib/libg.a(lib_a-refill.o)
 .comment       0x0000000000000023       0x24 /opt/devkitpro/devkitARM/bin/../lib/gcc/arm-none-eabi/10.2.0/../../../../arm-none-eabi/lib/libg.a(lib_a-setvbuf.o)
 .comment       0x0000000000000023       0x24 /opt/devkitpro/devkitARM/bin/../lib/gcc/arm-none-eabi/10.2.0/../../../../arm-none-eabi/lib/libg.a(lib_a-siscanf.o)
 .comment       0x0000000000000023       0x24 /opt/devkitpro/devkitARM/bin/../lib/gcc/arm-none-eabi/10.2.0/../../../../arm-none-eabi/lib/libg.a(lib_a-stdio.o)
 .comment       0x0000000000000023       0x24 /opt/devkitpro/devkitARM/bin/../lib/gcc/arm-none-eabi/10.2.0/../../../../arm-none-eabi/lib/libg.a(lib_a-strcpy.o)
 .comment       0x0000000000000023       0x24 /opt/devkitpro/devkitARM/bin/../lib/gcc/arm-none-eabi/10.2.0/../../../../arm-none-eabi/lib/libg.a(lib_a-strlen-stub.o)
 .comment       0x0000000000000023       0x24 /opt/devkitpro/devkitARM/bin/../lib/gcc/arm-none-eabi/10.2.0/../../../../arm-none-eabi/lib/libg.a(lib_a-svfiscanf.o)
 .comment       0x0000000000000023       0x24 /opt/devkitpro/devkitARM/bin/../lib/gcc/arm-none-eabi/10.2.0/../../../../arm-none-eabi/lib/libg.a(lib_a-ungetc.o)
 .comment       0x0000000000000023       0x24 /opt/devkitpro/devkitARM/bin/../lib/gcc/arm-none-eabi/10.2.0/../../../../arm-none-eabi/lib/libg.a(lib_a-vfiprintf.o)
 .comment       0x0000000000000023       0x24 /opt/devkitpro/devkitARM/bin/../lib/gcc/arm-none-eabi/10.2.0/../../../../arm-none-eabi/lib/libg.a(lib_a-vfprintf.o)
 .comment       0x0000000000000023       0x24 /opt/devkitpro/devkitARM/bin/../lib/gcc/arm-none-eabi/10.2.0/../../../../arm-none-eabi/lib/libg.a(lib_a-viprintf.o)
 .comment       0x0000000000000023       0x24 /opt/devkitpro/devkitARM/bin/../lib/gcc/arm-none-eabi/10.2.0/../../../../arm-none-eabi/lib/libg.a(lib_a-wcrtomb.o)
 .comment       0x0000000000000023       0x24 /opt/devkitpro/devkitARM/bin/../lib/gcc/arm-none-eabi/10.2.0/../../../../arm-none-eabi/lib/libg.a(lib_a-wcsrtombs.o)
 .comment       0x0000000000000023       0x24 /opt/devkitpro/devkitARM/bin/../lib/gcc/arm-none-eabi/10.2.0/../../../../arm-none-eabi/lib/libg.a(lib_a-wsetup.o)
 .comment       0x0000000000000023       0x24 /opt/devkitpro/devkitARM/bin/../lib/gcc/arm-none-eabi/10.2.0/../../../../arm-none-eabi/lib/libg.a(lib_a-ctype_.o)
 .comment       0x0000000000000023       0x24 /opt/devkitpro/devkitARM/bin/../lib/gcc/arm-none-eabi/10.2.0/../../../../arm-none-eabi/lib/libg.a(lib_a-dtoa.o)
 .comment       0x0000000000000023       0x24 /opt/devkitpro/devkitARM/bin/../lib/gcc/arm-none-eabi/10.2.0/../../../../arm-none-eabi/lib/libg.a(lib_a-flags.o)
 .comment       0x0000000000000023       0x24 /opt/devkitpro/devkitARM/bin/../lib/gcc/arm-none-eabi/10.2.0/../../../../arm-none-eabi/lib/libg.a(lib_a-fvwrite.o)
 .comment       0x0000000000000023       0x24 /opt/devkitpro/devkitARM/bin/../lib/gcc/arm-none-eabi/10.2.0/../../../../arm-none-eabi/lib/libg.a(lib_a-iswspace.o)
 .comment       0x0000000000000023       0x24 /opt/devkitpro/devkitARM/bin/../lib/gcc/arm-none-eabi/10.2.0/../../../../arm-none-eabi/lib/libg.a(lib_a-localeconv.o)
 .comment       0x0000000000000023       0x24 /opt/devkitpro/devkitARM/bin/../lib/gcc/arm-none-eabi/10.2.0/../../../../arm-none-eabi/lib/libg.a(lib_a-locale.o)
 .comment       0x0000000000000023       0x24 /opt/devkitpro/devkitARM/bin/../lib/gcc/arm-none-eabi/10.2.0/../../../../arm-none-eabi/lib/libg.a(lib_a-mbrtowc.o)
 .comment       0x0000000000000023       0x24 /opt/devkitpro/devkitARM/bin/../lib/gcc/arm-none-eabi/10.2.0/../../../../arm-none-eabi/lib/libg.a(lib_a-mbtowc_r.o)
 .comment       0x0000000000000023       0x24 /opt/devkitpro/devkitARM/bin/../lib/gcc/arm-none-eabi/10.2.0/../../../../arm-none-eabi/lib/libg.a(lib_a-memchr-stub.o)
 .comment       0x0000000000000023       0x24 /opt/devkitpro/devkitARM/bin/../lib/gcc/arm-none-eabi/10.2.0/../../../../arm-none-eabi/lib/libg.a(lib_a-memmove.o)
 .comment       0x0000000000000023       0x24 /opt/devkitpro/devkitARM/bin/../lib/gcc/arm-none-eabi/10.2.0/../../../../arm-none-eabi/lib/libg.a(lib_a-mprec.o)
 .comment       0x0000000000000023       0x24 /opt/devkitpro/devkitARM/bin/../lib/gcc/arm-none-eabi/10.2.0/../../../../arm-none-eabi/lib/libg.a(lib_a-sccl.o)
 .comment       0x0000000000000023       0x24 /opt/devkitpro/devkitARM/bin/../lib/gcc/arm-none-eabi/10.2.0/../../../../arm-none-eabi/lib/libg.a(lib_a-s_frexp.o)
 .comment       0x0000000000000023       0x24 /opt/devkitpro/devkitARM/bin/../lib/gcc/arm-none-eabi/10.2.0/../../../../arm-none-eabi/lib/libg.a(lib_a-strchr.o)
 .comment       0x0000000000000023       0x24 /opt/devkitpro/devkitARM/bin/../lib/gcc/arm-none-eabi/10.2.0/../../../../arm-none-eabi/lib/libg.a(lib_a-strncmp.o)
 .comment       0x0000000000000023       0x24 /opt/devkitpro/devkitARM/bin/../lib/gcc/arm-none-eabi/10.2.0/../../../../arm-none-eabi/lib/libg.a(lib_a-strncpy.o)
 .comment       0x0000000000000023       0x24 /opt/devkitpro/devkitARM/bin/../lib/gcc/arm-none-eabi/10.2.0/../../../../arm-none-eabi/lib/libg.a(lib_a-strtoll.o)
 .comment       0x0000000000000023       0x24 /opt/devkitpro/devkitARM/bin/../lib/gcc/arm-none-eabi/10.2.0/../../../../arm-none-eabi/lib/libg.a(lib_a-strtol.o)
 .comment       0x0000000000000023       0x24 /opt/devkitpro/devkitARM/bin/../lib/gcc/arm-none-eabi/10.2.0/../../../../arm-none-eabi/lib/libg.a(lib_a-strtoull.o)
 .comment       0x0000000000000023       0x24 /opt/devkitpro/devkitARM/bin/../lib/gcc/arm-none-eabi/10.2.0/../../../../arm-none-eabi/lib/libg.a(lib_a-strtoul.o)
 .comment       0x0000000000000023       0x24 /opt/devkitpro/devkitARM/bin/../lib/gcc/arm-none-eabi/10.2.0/../../../../arm-none-eabi/lib/libg.a(lib_a-svfiprintf.o)
 .comment       0x0000000000000023       0x24 /opt/devkitpro/devkitARM/bin/../lib/gcc/arm-none-eabi/10.2.0/../../../../arm-none-eabi/lib/libg.a(lib_a-wcsnrtombs.o)
 .comment       0x0000000000000023       0x24 /opt/devkitpro/devkitARM/bin/../lib/gcc/arm-none-eabi/10.2.0/../../../../arm-none-eabi/lib/libg.a(lib_a-wctomb_r.o)
 .comment       0x0000000000000023       0x24 /opt/devkitpro/devkitARM/bin/../lib/gcc/arm-none-eabi/10.2.0/../../../../arm-none-eabi/lib/libg.a(lib_a-assert.o)
 .comment       0x0000000000000023       0x24 /opt/devkitpro/devkitARM/bin/../lib/gcc/arm-none-eabi/10.2.0/../../../../arm-none-eabi/lib/libg.a(lib_a-callocr.o)
 .comment       0x0000000000000023       0x24 /opt/devkitpro/devkitARM/bin/../lib/gcc/arm-none-eabi/10.2.0/../../../../arm-none-eabi/lib/libg.a(lib_a-errno.o)
 .comment       0x0000000000000023       0x24 /opt/devkitpro/devkitARM/bin/../lib/gcc/arm-none-eabi/10.2.0/../../../../arm-none-eabi/lib/libg.a(lib_a-fiprintf.o)
 .comment       0x0000000000000023       0x24 /opt/devkitpro/devkitARM/bin/../lib/gcc/arm-none-eabi/10.2.0/../../../../arm-none-eabi/lib/libg.a(lib_a-iswspace_l.o)
 .comment       0x0000000000000023       0x24 /opt/devkitpro/devkitARM/bin/../lib/gcc/arm-none-eabi/10.2.0/../../../../arm-none-eabi/lib/libg.a(lib_a-jp2uc.o)
 .comment       0x0000000000000023       0x24 /opt/devkitpro/devkitARM/bin/../lib/gcc/arm-none-eabi/10.2.0/../../../../arm-none-eabi/lib/libg.a(lib_a-abort.o)
 .comment       0x0000000000000023       0x24 /opt/devkitpro/devkitARM/bin/../lib/gcc/arm-none-eabi/10.2.0/../../../../arm-none-eabi/lib/libg.a(lib_a-categories.o)
 .comment       0x0000000000000023       0x24 /opt/devkitpro/devkitARM/bin/../lib/gcc/arm-none-eabi/10.2.0/../../../../arm-none-eabi/lib/libg.a(lib_a-signal.o)
 .comment       0x0000000000000023       0x24 /opt/devkitpro/devkitARM/bin/../lib/gcc/arm-none-eabi/10.2.0/../../../../arm-none-eabi/lib/libsysbase.a(iosupport.o)
 .comment       0x0000000000000023       0x24 /opt/devkitpro/devkitARM/bin/../lib/gcc/arm-none-eabi/10.2.0/../../../../arm-none-eabi/lib/libsysbase.a(fstat.o)
 .comment       0x0000000000000023       0x24 /opt/devkitpro/devkitARM/bin/../lib/gcc/arm-none-eabi/10.2.0/../../../../arm-none-eabi/lib/libsysbase.a(getpid.o)
 .comment       0x0000000000000023       0x24 /opt/devkitpro/devkitARM/bin/../lib/gcc/arm-none-eabi/10.2.0/../../../../arm-none-eabi/lib/libsysbase.a(isatty.o)